Archive member included to satisfy reference by file (symbol)

/opt/st/stm32cubeide_1.11.2/plugins/com.st.stm32cube.ide.mcu.externaltools.gnu-tools-for-stm32.10.3-2021.10.linux64_1.0.100.202210260954/tools/bin/../lib/gcc/arm-none-eabi/10.3.1/../../../../arm-none-eabi/lib/thumb/v7e-m+fp/hard/libc_nano.a(lib_a-errno.o)
                              ./Core/Src/syscalls.o (__errno)
/opt/st/stm32cubeide_1.11.2/plugins/com.st.stm32cube.ide.mcu.externaltools.gnu-tools-for-stm32.10.3-2021.10.linux64_1.0.100.202210260954/tools/bin/../lib/gcc/arm-none-eabi/10.3.1/../../../../arm-none-eabi/lib/thumb/v7e-m+fp/hard/libc_nano.a(lib_a-exit.o)
                              /opt/st/stm32cubeide_1.11.2/plugins/com.st.stm32cube.ide.mcu.externaltools.gnu-tools-for-stm32.10.3-2021.10.linux64_1.0.100.202210260954/tools/bin/../lib/gcc/arm-none-eabi/10.3.1/../../../../arm-none-eabi/lib/thumb/v7e-m+fp/hard/crt0.o (exit)
/opt/st/stm32cubeide_1.11.2/plugins/com.st.stm32cube.ide.mcu.externaltools.gnu-tools-for-stm32.10.3-2021.10.linux64_1.0.100.202210260954/tools/bin/../lib/gcc/arm-none-eabi/10.3.1/../../../../arm-none-eabi/lib/thumb/v7e-m+fp/hard/libc_nano.a(lib_a-impure.o)
                              /opt/st/stm32cubeide_1.11.2/plugins/com.st.stm32cube.ide.mcu.externaltools.gnu-tools-for-stm32.10.3-2021.10.linux64_1.0.100.202210260954/tools/bin/../lib/gcc/arm-none-eabi/10.3.1/../../../../arm-none-eabi/lib/thumb/v7e-m+fp/hard/libc_nano.a(lib_a-exit.o) (_global_impure_ptr)
/opt/st/stm32cubeide_1.11.2/plugins/com.st.stm32cube.ide.mcu.externaltools.gnu-tools-for-stm32.10.3-2021.10.linux64_1.0.100.202210260954/tools/bin/../lib/gcc/arm-none-eabi/10.3.1/../../../../arm-none-eabi/lib/thumb/v7e-m+fp/hard/libc_nano.a(lib_a-init.o)
                              /opt/st/stm32cubeide_1.11.2/plugins/com.st.stm32cube.ide.mcu.externaltools.gnu-tools-for-stm32.10.3-2021.10.linux64_1.0.100.202210260954/tools/bin/../lib/gcc/arm-none-eabi/10.3.1/../../../../arm-none-eabi/lib/thumb/v7e-m+fp/hard/crt0.o (__libc_init_array)
/opt/st/stm32cubeide_1.11.2/plugins/com.st.stm32cube.ide.mcu.externaltools.gnu-tools-for-stm32.10.3-2021.10.linux64_1.0.100.202210260954/tools/bin/../lib/gcc/arm-none-eabi/10.3.1/../../../../arm-none-eabi/lib/thumb/v7e-m+fp/hard/libc_nano.a(lib_a-memset.o)
                              /opt/st/stm32cubeide_1.11.2/plugins/com.st.stm32cube.ide.mcu.externaltools.gnu-tools-for-stm32.10.3-2021.10.linux64_1.0.100.202210260954/tools/bin/../lib/gcc/arm-none-eabi/10.3.1/../../../../arm-none-eabi/lib/thumb/v7e-m+fp/hard/crt0.o (memset)
/opt/st/stm32cubeide_1.11.2/plugins/com.st.stm32cube.ide.mcu.externaltools.gnu-tools-for-stm32.10.3-2021.10.linux64_1.0.100.202210260954/tools/bin/../lib/gcc/arm-none-eabi/10.3.1/thumb/v7e-m+fp/hard/libgcc.a(_aeabi_uldivmod.o)
                              ./Drivers/STM32G4xx_HAL_Driver/Src/stm32g4xx_hal_uart.o (__aeabi_uldivmod)
/opt/st/stm32cubeide_1.11.2/plugins/com.st.stm32cube.ide.mcu.externaltools.gnu-tools-for-stm32.10.3-2021.10.linux64_1.0.100.202210260954/tools/bin/../lib/gcc/arm-none-eabi/10.3.1/thumb/v7e-m+fp/hard/libgcc.a(_udivmoddi4.o)
                              /opt/st/stm32cubeide_1.11.2/plugins/com.st.stm32cube.ide.mcu.externaltools.gnu-tools-for-stm32.10.3-2021.10.linux64_1.0.100.202210260954/tools/bin/../lib/gcc/arm-none-eabi/10.3.1/thumb/v7e-m+fp/hard/libgcc.a(_aeabi_uldivmod.o) (__udivmoddi4)
/opt/st/stm32cubeide_1.11.2/plugins/com.st.stm32cube.ide.mcu.externaltools.gnu-tools-for-stm32.10.3-2021.10.linux64_1.0.100.202210260954/tools/bin/../lib/gcc/arm-none-eabi/10.3.1/thumb/v7e-m+fp/hard/libgcc.a(_dvmd_tls.o)
                              /opt/st/stm32cubeide_1.11.2/plugins/com.st.stm32cube.ide.mcu.externaltools.gnu-tools-for-stm32.10.3-2021.10.linux64_1.0.100.202210260954/tools/bin/../lib/gcc/arm-none-eabi/10.3.1/thumb/v7e-m+fp/hard/libgcc.a(_aeabi_uldivmod.o) (__aeabi_ldiv0)

Discarded input sections

 .text          0x0000000000000000        0x0 /opt/st/stm32cubeide_1.11.2/plugins/com.st.stm32cube.ide.mcu.externaltools.gnu-tools-for-stm32.10.3-2021.10.linux64_1.0.100.202210260954/tools/bin/../lib/gcc/arm-none-eabi/10.3.1/thumb/v7e-m+fp/hard/crti.o
 .data          0x0000000000000000        0x0 /opt/st/stm32cubeide_1.11.2/plugins/com.st.stm32cube.ide.mcu.externaltools.gnu-tools-for-stm32.10.3-2021.10.linux64_1.0.100.202210260954/tools/bin/../lib/gcc/arm-none-eabi/10.3.1/thumb/v7e-m+fp/hard/crti.o
 .bss           0x0000000000000000        0x0 /opt/st/stm32cubeide_1.11.2/plugins/com.st.stm32cube.ide.mcu.externaltools.gnu-tools-for-stm32.10.3-2021.10.linux64_1.0.100.202210260954/tools/bin/../lib/gcc/arm-none-eabi/10.3.1/thumb/v7e-m+fp/hard/crti.o
 .data          0x0000000000000000        0x4 /opt/st/stm32cubeide_1.11.2/plugins/com.st.stm32cube.ide.mcu.externaltools.gnu-tools-for-stm32.10.3-2021.10.linux64_1.0.100.202210260954/tools/bin/../lib/gcc/arm-none-eabi/10.3.1/thumb/v7e-m+fp/hard/crtbegin.o
[...]
Memory Configuration

Name             Origin             Length             Attributes
RAM              0x0000000020000000 0x0000000000020000 xrw
FLASH            0x0000000008000000 0x0000000000080000 xr
*default*        0x0000000000000000 0xffffffffffffffff

Linker script and memory map

LOAD /opt/st/stm32cubeide_1.11.2/plugins/com.st.stm32cube.ide.mcu.externaltools.gnu-tools-for-stm32.10.3-2021.10.linux64_1.0.100.202210260954/tools/bin/../lib/gcc/arm-none-eabi/10.3.1/thumb/v7e-m+fp/hard/crti.o
LOAD /opt/st/stm32cubeide_1.11.2/plugins/com.st.stm32cube.ide.mcu.externaltools.gnu-tools-for-stm32.10.3-2021.10.linux64_1.0.100.202210260954/tools/bin/../lib/gcc/arm-none-eabi/10.3.1/thumb/v7e-m+fp/hard/crtbegin.o
LOAD /opt/st/stm32cubeide_1.11.2/plugins/com.st.stm32cube.ide.mcu.externaltools.gnu-tools-for-stm32.10.3-2021.10.linux64_1.0.100.202210260954/tools/bin/../lib/gcc/arm-none-eabi/10.3.1/../../../../arm-none-eabi/lib/thumb/v7e-m+fp/hard/crt0.o
LOAD ./Core/Src/main.o
LOAD ./Core/Src/stm32g4xx_hal_msp.o
LOAD ./Core/Src/stm32g4xx_it.o
LOAD ./Core/Src/syscalls.o
LOAD ./Core/Src/sysmem.o
LOAD ./Core/Src/system_stm32g4xx.o
LOAD ./Core/Startup/startup_stm32g474retx.o
LOAD ./Drivers/STM32G4xx_HAL_Driver/Src/stm32g4xx_hal.o
LOAD ./Drivers/STM32G4xx_HAL_Driver/Src/stm32g4xx_hal_cortex.o
LOAD ./Drivers/STM32G4xx_HAL_Driver/Src/stm32g4xx_hal_dma.o
LOAD ./Drivers/STM32G4xx_HAL_Driver/Src/stm32g4xx_hal_dma_ex.o
LOAD ./Drivers/STM32G4xx_HAL_Driver/Src/stm32g4xx_hal_exti.o
LOAD ./Drivers/STM32G4xx_HAL_Driver/Src/stm32g4xx_hal_fdcan.o
LOAD ./Drivers/STM32G4xx_HAL_Driver/Src/stm32g4xx_hal_flash.o
LOAD ./Drivers/STM32G4xx_HAL_Driver/Src/stm32g4xx_hal_flash_ex.o
LOAD ./Drivers/STM32G4xx_HAL_Driver/Src/stm32g4xx_hal_flash_ramfunc.o
LOAD ./Drivers/STM32G4xx_HAL_Driver/Src/stm32g4xx_hal_gpio.o
LOAD ./Drivers/STM32G4xx_HAL_Driver/Src/stm32g4xx_hal_pcd.o
LOAD ./Drivers/STM32G4xx_HAL_Driver/Src/stm32g4xx_hal_pcd_ex.o
LOAD ./Drivers/STM32G4xx_HAL_Driver/Src/stm32g4xx_hal_pwr.o
LOAD ./Drivers/STM32G4xx_HAL_Driver/Src/stm32g4xx_hal_pwr_ex.o
LOAD ./Drivers/STM32G4xx_HAL_Driver/Src/stm32g4xx_hal_rcc.o
LOAD ./Drivers/STM32G4xx_HAL_Driver/Src/stm32g4xx_hal_rcc_ex.o
LOAD ./Drivers/STM32G4xx_HAL_Driver/Src/stm32g4xx_hal_uart.o
LOAD ./Drivers/STM32G4xx_HAL_Driver/Src/stm32g4xx_hal_uart_ex.o
LOAD ./Drivers/STM32G4xx_HAL_Driver/Src/stm32g4xx_ll_usb.o
LOAD ./Middlewares/ST/STM32_USB_Device_Library/Class/CDC/Src/usbd_cdc.o
LOAD ./Middlewares/ST/STM32_USB_Device_Library/Core/Src/usbd_core.o
LOAD ./Middlewares/ST/STM32_USB_Device_Library/Core/Src/usbd_ctlreq.o
LOAD ./Middlewares/ST/STM32_USB_Device_Library/Core/Src/usbd_ioreq.o
LOAD ./USB_Device/App/usb_device.o
LOAD ./USB_Device/App/usbd_cdc_if.o
LOAD ./USB_Device/App/usbd_desc.o
LOAD ./USB_Device/Target/usbd_conf.o
START GROUP
LOAD /opt/st/stm32cubeide_1.11.2/plugins/com.st.stm32cube.ide.mcu.externaltools.gnu-tools-for-stm32.10.3-2021.10.linux64_1.0.100.202210260954/tools/bin/../lib/gcc/arm-none-eabi/10.3.1/../../../../arm-none-eabi/lib/thumb/v7e-m+fp/hard/libstdc++_nano.a
LOAD /opt/st/stm32cubeide_1.11.2/plugins/com.st.stm32cube.ide.mcu.externaltools.gnu-tools-for-stm32.10.3-2021.10.linux64_1.0.100.202210260954/tools/bin/../lib/gcc/arm-none-eabi/10.3.1/../../../../arm-none-eabi/lib/thumb/v7e-m+fp/hard/libsupc++_nano.a
END GROUP
LOAD /opt/st/stm32cubeide_1.11.2/plugins/com.st.stm32cube.ide.mcu.externaltools.gnu-tools-for-stm32.10.3-2021.10.linux64_1.0.100.202210260954/tools/bin/../lib/gcc/arm-none-eabi/10.3.1/../../../../arm-none-eabi/lib/thumb/v7e-m+fp/hard/libstdc++_nano.a
LOAD /opt/st/stm32cubeide_1.11.2/plugins/com.st.stm32cube.ide.mcu.externaltools.gnu-tools-for-stm32.10.3-2021.10.linux64_1.0.100.202210260954/tools/bin/../lib/gcc/arm-none-eabi/10.3.1/../../../../arm-none-eabi/lib/thumb/v7e-m+fp/hard/libm.a
LOAD /opt/st/stm32cubeide_1.11.2/plugins/com.st.stm32cube.ide.mcu.externaltools.gnu-tools-for-stm32.10.3-2021.10.linux64_1.0.100.202210260954/tools/bin/../lib/gcc/arm-none-eabi/10.3.1/../../../../arm-none-eabi/lib/thumb/v7e-m+fp/hard/libc_nano.a
START GROUP
LOAD /opt/st/stm32cubeide_1.11.2/plugins/com.st.stm32cube.ide.mcu.externaltools.gnu-tools-for-stm32.10.3-2021.10.linux64_1.0.100.202210260954/tools/bin/../lib/gcc/arm-none-eabi/10.3.1/thumb/v7e-m+fp/hard/libgcc.a
LOAD /opt/st/stm32cubeide_1.11.2/plugins/com.st.stm32cube.ide.mcu.externaltools.gnu-tools-for-stm32.10.3-2021.10.linux64_1.0.100.202210260954/tools/bin/../lib/gcc/arm-none-eabi/10.3.1/../../../../arm-none-eabi/lib/thumb/v7e-m+fp/hard/libc_nano.a
END GROUP
START GROUP
LOAD /opt/st/stm32cubeide_1.11.2/plugins/com.st.stm32cube.ide.mcu.externaltools.gnu-tools-for-stm32.10.3-2021.10.linux64_1.0.100.202210260954/tools/bin/../lib/gcc/arm-none-eabi/10.3.1/thumb/v7e-m+fp/hard/libgcc.a
LOAD /opt/st/stm32cubeide_1.11.2/plugins/com.st.stm32cube.ide.mcu.externaltools.gnu-tools-for-stm32.10.3-2021.10.linux64_1.0.100.202210260954/tools/bin/../lib/gcc/arm-none-eabi/10.3.1/../../../../arm-none-eabi/lib/thumb/v7e-m+fp/hard/libc_nano.a
LOAD /opt/st/stm32cubeide_1.11.2/plugins/com.st.stm32cube.ide.mcu.externaltools.gnu-tools-for-stm32.10.3-2021.10.linux64_1.0.100.202210260954/tools/bin/../lib/gcc/arm-none-eabi/10.3.1/../../../../arm-none-eabi/lib/thumb/v7e-m+fp/hard/libnosys.a
END GROUP
START GROUP
LOAD /opt/st/stm32cubeide_1.11.2/plugins/com.st.stm32cube.ide.mcu.externaltools.gnu-tools-for-stm32.10.3-2021.10.linux64_1.0.100.202210260954/tools/bin/../lib/gcc/arm-none-eabi/10.3.1/thumb/v7e-m+fp/hard/libgcc.a
LOAD /opt/st/stm32cubeide_1.11.2/plugins/com.st.stm32cube.ide.mcu.externaltools.gnu-tools-for-stm32.10.3-2021.10.linux64_1.0.100.202210260954/tools/bin/../lib/gcc/arm-none-eabi/10.3.1/../../../../arm-none-eabi/lib/thumb/v7e-m+fp/hard/libc_nano.a
LOAD /opt/st/stm32cubeide_1.11.2/plugins/com.st.stm32cube.ide.mcu.externaltools.gnu-tools-for-stm32.10.3-2021.10.linux64_1.0.100.202210260954/tools/bin/../lib/gcc/arm-none-eabi/10.3.1/../../../../arm-none-eabi/lib/thumb/v7e-m+fp/hard/libnosys.a
END GROUP
LOAD /opt/st/stm32cubeide_1.11.2/plugins/com.st.stm32cube.ide.mcu.externaltools.gnu-tools-for-stm32.10.3-2021.10.linux64_1.0.100.202210260954/tools/bin/../lib/gcc/arm-none-eabi/10.3.1/thumb/v7e-m+fp/hard/crtend.o
LOAD /opt/st/stm32cubeide_1.11.2/plugins/com.st.stm32cube.ide.mcu.externaltools.gnu-tools-for-stm32.10.3-2021.10.linux64_1.0.100.202210260954/tools/bin/../lib/gcc/arm-none-eabi/10.3.1/thumb/v7e-m+fp/hard/crtn.o
                0x0000000020020000                _estack = (ORIGIN (RAM) + LENGTH (RAM))
                0x0000000000000200                _Min_Heap_Size = 0x200
                0x0000000000000400                _Min_Stack_Size = 0x400

.isr_vector     0x0000000008000000      0x1d8
                0x0000000008000000                . = ALIGN (0x4)
 *(.isr_vector)
 .isr_vector    0x0000000008000000      0x1d8 ./Core/Startup/startup_stm32g474retx.o
                0x0000000008000000                g_pfnVectors
                0x00000000080001d8                . = ALIGN (0x4)

.text           0x00000000080001d8     0x96d0
                0x00000000080001d8                . = ALIGN (0x4)
 *(.text)
 .text          0x00000000080001d8       0x40 /opt/st/stm32cubeide_1.11.2/plugins/com.st.stm32cube.ide.mcu.externaltools.gnu-tools-for-stm32.10.3-2021.10.linux64_1.0.100.202210260954/tools/bin/../lib/gcc/arm-none-eabi/10.3.1/thumb/v7e-m+fp/hard/crtbegin.o
 .text          0x0000000008000218       0x30 /opt/st/stm32cubeide_1.11.2/plugins/com.st.stm32cube.ide.mcu.externaltools.gnu-tools-for-stm32.10.3-2021.10.linux64_1.0.100.202210260954/tools/bin/../lib/gcc/arm-none-eabi/10.3.1/thumb/v7e-m+fp/hard/libgcc.a(_aeabi_uldivmod.o)
                0x0000000008000218                __aeabi_uldivmod
 .text          0x0000000008000248      0x2d0 /opt/st/stm32cubeide_1.11.2/plugins/com.st.stm32cube.ide.mcu.externaltools.gnu-tools-for-stm32.10.3-2021.10.linux64_1.0.100.202210260954/tools/bin/../lib/gcc/arm-none-eabi/10.3.1/thumb/v7e-m+fp/hard/libgcc.a(_udivmoddi4.o)
                0x0000000008000248                __udivmoddi4
 .text          0x0000000008000518        0x4 /opt/st/stm32cubeide_1.11.2/plugins/com.st.stm32cube.ide.mcu.externaltools.gnu-tools-for-stm32.10.3-2021.10.linux64_1.0.100.202210260954/tools/bin/../lib/gcc/arm-none-eabi/10.3.1/thumb/v7e-m+fp/hard/libgcc.a(_dvmd_tls.o)
                0x0000000008000518                __aeabi_ldiv0
                0x0000000008000518                __aeabi_idiv0
 *(.text*)
 .text.main     0x000000000800051c       0x32 ./Core/Src/main.o
                0x000000000800051c                main
 .text.SystemClock_Config
                0x000000000800054e       0x94 ./Core/Src/main.o
                0x000000000800054e                SystemClock_Config
 *fill*         0x00000000080005e2        0x2 
 .text.MX_FDCAN1_Init
                0x00000000080005e4       0x8c ./Core/Src/main.o
 .text.MX_FDCAN2_Init
                0x0000000008000670       0x8c ./Core/Src/main.o
 .text.MX_FDCAN3_Init
                0x00000000080006fc       0x8c ./Core/Src/main.o
 .text.MX_UART4_Init
                0x0000000008000788       0x98 ./Core/Src/main.o
 .text.MX_UART5_Init
                0x0000000008000820       0x98 ./Core/Src/main.o
 .text.MX_USART2_UART_Init
                0x00000000080008b8       0x98 ./Core/Src/main.o
 .text.MX_USART3_UART_Init
                0x0000000008000950       0x98 ./Core/Src/main.o
 .text.MX_GPIO_Init
                0x00000000080009e8       0x90 ./Core/Src/main.o
 .text.Error_Handler
                0x0000000008000a78        0xa ./Core/Src/main.o
                0x0000000008000a78                Error_Handler
 *fill*         0x0000000008000a82        0x2 
 .text.HAL_MspInit
                0x0000000008000a84       0x48 ./Core/Src/stm32g4xx_hal_msp.o
                0x0000000008000a84                HAL_MspInit
 .text.HAL_FDCAN_MspInit
                0x0000000008000acc      0x204 ./Core/Src/stm32g4xx_hal_msp.o
                0x0000000008000acc                HAL_FDCAN_MspInit
 .text.HAL_UART_MspInit
                0x0000000008000cd0      0x2a0 ./Core/Src/stm32g4xx_hal_msp.o
                0x0000000008000cd0                HAL_UART_MspInit
 .text.NMI_Handler
                0x0000000008000f70        0x6 ./Core/Src/stm32g4xx_it.o
                0x0000000008000f70                NMI_Handler
 .text.HardFault_Handler
                0x0000000008000f76        0x6 ./Core/Src/stm32g4xx_it.o
                0x0000000008000f76                HardFault_Handler
 .text.MemManage_Handler
                0x0000000008000f7c        0x6 ./Core/Src/stm32g4xx_it.o
                0x0000000008000f7c                MemManage_Handler
 .text.BusFault_Handler
                0x0000000008000f82        0x6 ./Core/Src/stm32g4xx_it.o
                0x0000000008000f82                BusFault_Handler
 .text.UsageFault_Handler
                0x0000000008000f88        0x6 ./Core/Src/stm32g4xx_it.o
                0x0000000008000f88                UsageFault_Handler
 .text.SVC_Handler
                0x0000000008000f8e        0xe ./Core/Src/stm32g4xx_it.o
                0x0000000008000f8e                SVC_Handler
 .text.DebugMon_Handler
                0x0000000008000f9c        0xe ./Core/Src/stm32g4xx_it.o
                0x0000000008000f9c                DebugMon_Handler
 .text.PendSV_Handler
                0x0000000008000faa        0xe ./Core/Src/stm32g4xx_it.o
                0x0000000008000faa                PendSV_Handler
 .text.SysTick_Handler
                0x0000000008000fb8        0xc ./Core/Src/stm32g4xx_it.o
                0x0000000008000fb8                SysTick_Handler
 .text.USB_LP_IRQHandler
                0x0000000008000fc4       0x14 ./Core/Src/stm32g4xx_it.o
                0x0000000008000fc4                USB_LP_IRQHandler
 .text.SystemInit
                0x0000000008000fd8       0x24 ./Core/Src/system_stm32g4xx.o
                0x0000000008000fd8                SystemInit
 .text.Reset_Handler
                0x0000000008000ffc       0x50 ./Core/Startup/startup_stm32g474retx.o
                0x0000000008000ffc                Reset_Handler
 .text.Default_Handler
                0x000000000800104c        0x2 ./Core/Startup/startup_stm32g474retx.o
                0x000000000800104c                RTC_Alarm_IRQHandler
                0x000000000800104c                EXTI2_IRQHandler
                0x000000000800104c                TIM8_TRG_COM_IRQHandler
                0x000000000800104c                TIM8_CC_IRQHandler
                0x000000000800104c                HRTIM1_Master_IRQHandler
                0x000000000800104c                SPI4_IRQHandler
                0x000000000800104c                FDCAN3_IT0_IRQHandler
                0x000000000800104c                TIM1_CC_IRQHandler
                0x000000000800104c                HRTIM1_FLT_IRQHandler
                0x000000000800104c                HRTIM1_TIMF_IRQHandler
                0x000000000800104c                USB_HP_IRQHandler
                0x000000000800104c                CORDIC_IRQHandler
                0x000000000800104c                HRTIM1_TIMD_IRQHandler
                0x000000000800104c                DMA2_Channel8_IRQHandler
                0x000000000800104c                EXTI3_IRQHandler
                0x000000000800104c                I2C3_ER_IRQHandler
                0x000000000800104c                EXTI0_IRQHandler
                0x000000000800104c                I2C2_EV_IRQHandler
                0x000000000800104c                FPU_IRQHandler
                0x000000000800104c                FDCAN1_IT1_IRQHandler
                0x000000000800104c                TIM1_UP_TIM16_IRQHandler
                0x000000000800104c                ADC1_2_IRQHandler
                0x000000000800104c                HRTIM1_TIME_IRQHandler
                0x000000000800104c                SPI1_IRQHandler
                0x000000000800104c                TIM6_DAC_IRQHandler
                0x000000000800104c                HRTIM1_TIMC_IRQHandler
                0x000000000800104c                TIM8_UP_IRQHandler
                0x000000000800104c                DMA2_Channel2_IRQHandler
                0x000000000800104c                DMA1_Channel4_IRQHandler
                0x000000000800104c                TIM20_TRG_COM_IRQHandler
                0x000000000800104c                USART3_IRQHandler
                0x000000000800104c                DMA1_Channel7_IRQHandler
                0x000000000800104c                UART5_IRQHandler
                0x000000000800104c                ADC3_IRQHandler
                0x000000000800104c                TIM4_IRQHandler
                0x000000000800104c                DMA2_Channel1_IRQHandler
                0x000000000800104c                QUADSPI_IRQHandler
                0x000000000800104c                I2C1_EV_IRQHandler
                0x000000000800104c                DMA1_Channel6_IRQHandler
                0x000000000800104c                UART4_IRQHandler
                0x000000000800104c                DMA2_Channel4_IRQHandler
                0x000000000800104c                TIM3_IRQHandler
                0x000000000800104c                RCC_IRQHandler
                0x000000000800104c                TIM20_UP_IRQHandler
                0x000000000800104c                DMA1_Channel1_IRQHandler
                0x000000000800104c                Default_Handler
                0x000000000800104c                DMA2_Channel7_IRQHandler
                0x000000000800104c                RTC_TAMP_LSECSS_IRQHandler
                0x000000000800104c                FMAC_IRQHandler
                0x000000000800104c                EXTI15_10_IRQHandler
                0x000000000800104c                DMA1_Channel8_IRQHandler
                0x000000000800104c                HRTIM1_TIMA_IRQHandler
                0x000000000800104c                TIM7_DAC_IRQHandler
                0x000000000800104c                FDCAN3_IT1_IRQHandler
                0x000000000800104c                TIM5_IRQHandler
                0x000000000800104c                UCPD1_IRQHandler
                0x000000000800104c                I2C3_EV_IRQHandler
                0x000000000800104c                EXTI9_5_IRQHandler
                0x000000000800104c                RTC_WKUP_IRQHandler
                0x000000000800104c                PVD_PVM_IRQHandler
                0x000000000800104c                SPI2_IRQHandler
                0x000000000800104c                ADC5_IRQHandler
                0x000000000800104c                DMA2_Channel5_IRQHandler
                0x000000000800104c                CRS_IRQHandler
                0x000000000800104c                DMA1_Channel5_IRQHandler
                0x000000000800104c                EXTI4_IRQHandler
                0x000000000800104c                RNG_IRQHandler
                0x000000000800104c                HRTIM1_TIMB_IRQHandler
                0x000000000800104c                TIM1_TRG_COM_TIM17_IRQHandler
                0x000000000800104c                FDCAN2_IT1_IRQHandler
                0x000000000800104c                DMA1_Channel3_IRQHandler
                0x000000000800104c                ADC4_IRQHandler
                0x000000000800104c                WWDG_IRQHandler
                0x000000000800104c                I2C4_EV_IRQHandler
                0x000000000800104c                FDCAN2_IT0_IRQHandler
                0x000000000800104c                LPUART1_IRQHandler
                0x000000000800104c                DMA2_Channel6_IRQHandler
                0x000000000800104c                FDCAN1_IT0_IRQHandler
                0x000000000800104c                TIM2_IRQHandler
                0x000000000800104c                COMP7_IRQHandler
                0x000000000800104c                COMP1_2_3_IRQHandler
                0x000000000800104c                EXTI1_IRQHandler
                0x000000000800104c                USART2_IRQHandler
                0x000000000800104c                COMP4_5_6_IRQHandler
                0x000000000800104c                TIM20_BRK_IRQHandler
                0x000000000800104c                I2C2_ER_IRQHandler
                0x000000000800104c                DMA1_Channel2_IRQHandler
                0x000000000800104c                TIM8_BRK_IRQHandler
                0x000000000800104c                FLASH_IRQHandler
                0x000000000800104c                TIM20_CC_IRQHandler
                0x000000000800104c                USART1_IRQHandler
                0x000000000800104c                SPI3_IRQHandler
                0x000000000800104c                I2C1_ER_IRQHandler
                0x000000000800104c                FMC_IRQHandler
                0x000000000800104c                LPTIM1_IRQHandler
                0x000000000800104c                DMAMUX_OVR_IRQHandler
                0x000000000800104c                I2C4_ER_IRQHandler
                0x000000000800104c                USBWakeUp_IRQHandler
                0x000000000800104c                SAI1_IRQHandler
                0x000000000800104c                DMA2_Channel3_IRQHandler
                0x000000000800104c                TIM1_BRK_TIM15_IRQHandler
 .text.HAL_Init
                0x000000000800104e       0x30 ./Drivers/STM32G4xx_HAL_Driver/Src/stm32g4xx_hal.o
                0x000000000800104e                HAL_Init
 *fill*         0x000000000800107e        0x2 
 .text.HAL_InitTick
                0x0000000008001080       0x74 ./Drivers/STM32G4xx_HAL_Driver/Src/stm32g4xx_hal.o
                0x0000000008001080                HAL_InitTick
 .text.HAL_IncTick
                0x00000000080010f4       0x24 ./Drivers/STM32G4xx_HAL_Driver/Src/stm32g4xx_hal.o
                0x00000000080010f4                HAL_IncTick
 .text.HAL_GetTick
                0x0000000008001118       0x18 ./Drivers/STM32G4xx_HAL_Driver/Src/stm32g4xx_hal.o
                0x0000000008001118                HAL_GetTick
 .text.__NVIC_SetPriorityGrouping
                0x0000000008001130       0x48 ./Drivers/STM32G4xx_HAL_Driver/Src/stm32g4xx_hal_cortex.o
 .text.__NVIC_GetPriorityGrouping
                0x0000000008001178       0x1c ./Drivers/STM32G4xx_HAL_Driver/Src/stm32g4xx_hal_cortex.o
 .text.__NVIC_EnableIRQ
                0x0000000008001194       0x3c ./Drivers/STM32G4xx_HAL_Driver/Src/stm32g4xx_hal_cortex.o
 .text.__NVIC_SetPriority
                0x00000000080011d0       0x54 ./Drivers/STM32G4xx_HAL_Driver/Src/stm32g4xx_hal_cortex.o
 .text.NVIC_EncodePriority
                0x0000000008001224       0x66 ./Drivers/STM32G4xx_HAL_Driver/Src/stm32g4xx_hal_cortex.o
 *fill*         0x000000000800128a        0x2 
 .text.SysTick_Config
                0x000000000800128c       0x44 ./Drivers/STM32G4xx_HAL_Driver/Src/stm32g4xx_hal_cortex.o
 .text.HAL_NVIC_SetPriorityGrouping
                0x00000000080012d0       0x16 ./Drivers/STM32G4xx_HAL_Driver/Src/stm32g4xx_hal_cortex.o
                0x00000000080012d0                HAL_NVIC_SetPriorityGrouping
 .text.HAL_NVIC_SetPriority
                0x00000000080012e6       0x34 ./Drivers/STM32G4xx_HAL_Driver/Src/stm32g4xx_hal_cortex.o
                0x00000000080012e6                HAL_NVIC_SetPriority
 .text.HAL_NVIC_EnableIRQ
                0x000000000800131a       0x1c ./Drivers/STM32G4xx_HAL_Driver/Src/stm32g4xx_hal_cortex.o
                0x000000000800131a                HAL_NVIC_EnableIRQ
 .text.HAL_SYSTICK_Config
                0x0000000008001336       0x18 ./Drivers/STM32G4xx_HAL_Driver/Src/stm32g4xx_hal_cortex.o
                0x0000000008001336                HAL_SYSTICK_Config
 *fill*         0x000000000800134e        0x2 
 .text.HAL_FDCAN_Init
                0x0000000008001350      0x2b4 ./Drivers/STM32G4xx_HAL_Driver/Src/stm32g4xx_hal_fdcan.o
                0x0000000008001350                HAL_FDCAN_Init
 .text.FDCAN_CalcultateRamBlockAddresses
                0x0000000008001604       0xd8 ./Drivers/STM32G4xx_HAL_Driver/Src/stm32g4xx_hal_fdcan.o
 .text.HAL_GPIO_Init
                0x00000000080016dc      0x304 ./Drivers/STM32G4xx_HAL_Driver/Src/stm32g4xx_hal_gpio.o
                0x00000000080016dc                HAL_GPIO_Init
 .text.HAL_PCD_Init
                0x00000000080019e0      0x1ca ./Drivers/STM32G4xx_HAL_Driver/Src/stm32g4xx_hal_pcd.o
                0x00000000080019e0                HAL_PCD_Init
 .text.HAL_PCD_Start
                0x0000000008001baa       0x44 ./Drivers/STM32G4xx_HAL_Driver/Src/stm32g4xx_hal_pcd.o
                0x0000000008001baa                HAL_PCD_Start
 .text.HAL_PCD_IRQHandler
                0x0000000008001bee      0x24e ./Drivers/STM32G4xx_HAL_Driver/Src/stm32g4xx_hal_pcd.o
                0x0000000008001bee                HAL_PCD_IRQHandler
 .text.HAL_PCD_SetAddress
                0x0000000008001e3c       0x4a ./Drivers/STM32G4xx_HAL_Driver/Src/stm32g4xx_hal_pcd.o
                0x0000000008001e3c                HAL_PCD_SetAddress
 .text.HAL_PCD_EP_Open
                0x0000000008001e86       0xcc ./Drivers/STM32G4xx_HAL_Driver/Src/stm32g4xx_hal_pcd.o
                0x0000000008001e86                HAL_PCD_EP_Open
 .text.HAL_PCD_EP_Close
                0x0000000008001f52       0x90 ./Drivers/STM32G4xx_HAL_Driver/Src/stm32g4xx_hal_pcd.o
                0x0000000008001f52                HAL_PCD_EP_Close
 .text.HAL_PCD_EP_Receive
                0x0000000008001fe2       0x7a ./Drivers/STM32G4xx_HAL_Driver/Src/stm32g4xx_hal_pcd.o
                0x0000000008001fe2                HAL_PCD_EP_Receive
 .text.HAL_PCD_EP_GetRxCount
                0x000000000800205c       0x30 ./Drivers/STM32G4xx_HAL_Driver/Src/stm32g4xx_hal_pcd.o
                0x000000000800205c                HAL_PCD_EP_GetRxCount
 .text.HAL_PCD_EP_Transmit
                0x000000000800208c       0x86 ./Drivers/STM32G4xx_HAL_Driver/Src/stm32g4xx_hal_pcd.o
                0x000000000800208c                HAL_PCD_EP_Transmit
 .text.HAL_PCD_EP_SetStall
                0x0000000008002112       0xa4 ./Drivers/STM32G4xx_HAL_Driver/Src/stm32g4xx_hal_pcd.o
                0x0000000008002112                HAL_PCD_EP_SetStall
 .text.HAL_PCD_EP_ClrStall
                0x00000000080021b6       0xa8 ./Drivers/STM32G4xx_HAL_Driver/Src/stm32g4xx_hal_pcd.o
                0x00000000080021b6                HAL_PCD_EP_ClrStall
 .text.PCD_EP_ISR_Handler
                0x000000000800225e      0x760 ./Drivers/STM32G4xx_HAL_Driver/Src/stm32g4xx_hal_pcd.o
 .text.HAL_PCD_EP_DB_Receive
                0x00000000080029be      0x212 ./Drivers/STM32G4xx_HAL_Driver/Src/stm32g4xx_hal_pcd.o
 .text.HAL_PCD_EP_DB_Transmit
                0x0000000008002bd0      0x79c ./Drivers/STM32G4xx_HAL_Driver/Src/stm32g4xx_hal_pcd.o
 .text.HAL_PCDEx_PMAConfig
                0x000000000800336c       0x86 ./Drivers/STM32G4xx_HAL_Driver/Src/stm32g4xx_hal_pcd_ex.o
                0x000000000800336c                HAL_PCDEx_PMAConfig
 .text.HAL_PCDEx_ActivateLPM
                0x00000000080033f2       0x54 ./Drivers/STM32G4xx_HAL_Driver/Src/stm32g4xx_hal_pcd_ex.o
                0x00000000080033f2                HAL_PCDEx_ActivateLPM
 *fill*         0x0000000008003446        0x2 
 .text.HAL_PWREx_ControlVoltageScaling
                0x0000000008003448      0x148 ./Drivers/STM32G4xx_HAL_Driver/Src/stm32g4xx_hal_pwr_ex.o
                0x0000000008003448                HAL_PWREx_ControlVoltageScaling
 .text.HAL_RCC_OscConfig
                0x0000000008003590      0x630 ./Drivers/STM32G4xx_HAL_Driver/Src/stm32g4xx_hal_rcc.o
                0x0000000008003590                HAL_RCC_OscConfig
 .text.HAL_RCC_ClockConfig
                0x0000000008003bc0      0x278 ./Drivers/STM32G4xx_HAL_Driver/Src/stm32g4xx_hal_rcc.o
                0x0000000008003bc0                HAL_RCC_ClockConfig
 .text.HAL_RCC_GetSysClockFreq
                0x0000000008003e38       0xc4 ./Drivers/STM32G4xx_HAL_Driver/Src/stm32g4xx_hal_rcc.o
                0x0000000008003e38                HAL_RCC_GetSysClockFreq
 .text.HAL_RCC_GetHCLKFreq
                0x0000000008003efc       0x18 ./Drivers/STM32G4xx_HAL_Driver/Src/stm32g4xx_hal_rcc.o
                0x0000000008003efc                HAL_RCC_GetHCLKFreq
 .text.HAL_RCC_GetPCLK1Freq
                0x0000000008003f14       0x2c ./Drivers/STM32G4xx_HAL_Driver/Src/stm32g4xx_hal_rcc.o
                0x0000000008003f14                HAL_RCC_GetPCLK1Freq
 .text.HAL_RCC_GetPCLK2Freq
                0x0000000008003f40       0x2c ./Drivers/STM32G4xx_HAL_Driver/Src/stm32g4xx_hal_rcc.o
                0x0000000008003f40                HAL_RCC_GetPCLK2Freq
 .text.RCC_GetSysClockFreqFromPLLSource
                0x0000000008003f6c       0x8c ./Drivers/STM32G4xx_HAL_Driver/Src/stm32g4xx_hal_rcc.o
 .text.HAL_RCCEx_PeriphCLKConfig
                0x0000000008003ff8      0x49c ./Drivers/STM32G4xx_HAL_Driver/Src/stm32g4xx_hal_rcc_ex.o
                0x0000000008003ff8                HAL_RCCEx_PeriphCLKConfig
 .text.HAL_UART_Init
                0x0000000008004494       0xa0 ./Drivers/STM32G4xx_HAL_Driver/Src/stm32g4xx_hal_uart.o
                0x0000000008004494                HAL_UART_Init
 .text.UART_SetConfig
                0x0000000008004534      0x5f8 ./Drivers/STM32G4xx_HAL_Driver/Src/stm32g4xx_hal_uart.o
                0x0000000008004534                UART_SetConfig
 .text.UART_AdvFeatureConfig
                0x0000000008004b2c      0x144 ./Drivers/STM32G4xx_HAL_Driver/Src/stm32g4xx_hal_uart.o
                0x0000000008004b2c                UART_AdvFeatureConfig
 .text.UART_CheckIdleState
                0x0000000008004c70       0x96 ./Drivers/STM32G4xx_HAL_Driver/Src/stm32g4xx_hal_uart.o
                0x0000000008004c70                UART_CheckIdleState
 .text.UART_WaitOnFlagUntilTimeout
                0x0000000008004d06      0x190 ./Drivers/STM32G4xx_HAL_Driver/Src/stm32g4xx_hal_uart.o
                0x0000000008004d06                UART_WaitOnFlagUntilTimeout
 .text.HAL_UARTEx_DisableFifoMode
                0x0000000008004e96       0x72 ./Drivers/STM32G4xx_HAL_Driver/Src/stm32g4xx_hal_uart_ex.o
                0x0000000008004e96                HAL_UARTEx_DisableFifoMode
 .text.HAL_UARTEx_SetTxFifoThreshold
                0x0000000008004f08       0x7c ./Drivers/STM32G4xx_HAL_Driver/Src/stm32g4xx_hal_uart_ex.o
                0x0000000008004f08                HAL_UARTEx_SetTxFifoThreshold
 .text.HAL_UARTEx_SetRxFifoThreshold
                0x0000000008004f84       0x7c ./Drivers/STM32G4xx_HAL_Driver/Src/stm32g4xx_hal_uart_ex.o
                0x0000000008004f84                HAL_UARTEx_SetRxFifoThreshold
 .text.UARTEx_SetNbDataToProcess
                0x0000000008005000       0x9c ./Drivers/STM32G4xx_HAL_Driver/Src/stm32g4xx_hal_uart_ex.o
 .text.USB_EnableGlobalInt
                0x000000000800509c       0x2e ./Drivers/STM32G4xx_HAL_Driver/Src/stm32g4xx_ll_usb.o
                0x000000000800509c                USB_EnableGlobalInt
 .text.USB_DisableGlobalInt
                0x00000000080050ca       0x36 ./Drivers/STM32G4xx_HAL_Driver/Src/stm32g4xx_ll_usb.o
                0x00000000080050ca                USB_DisableGlobalInt
 .text.USB_DevInit
                0x0000000008005100       0x42 ./Drivers/STM32G4xx_HAL_Driver/Src/stm32g4xx_ll_usb.o
                0x0000000008005100                USB_DevInit
 *fill*         0x0000000008005142        0x2 
 .text.USB_ActivateEndpoint
                0x0000000008005144      0x728 ./Drivers/STM32G4xx_HAL_Driver/Src/stm32g4xx_ll_usb.o
                0x0000000008005144                USB_ActivateEndpoint
 .text.USB_DeactivateEndpoint
                0x000000000800586c      0x3da ./Drivers/STM32G4xx_HAL_Driver/Src/stm32g4xx_ll_usb.o
                0x000000000800586c                USB_DeactivateEndpoint
 .text.USB_EPStartXfer
                0x0000000008005c46     0x166c ./Drivers/STM32G4xx_HAL_Driver/Src/stm32g4xx_ll_usb.o
                0x0000000008005c46                USB_EPStartXfer
 .text.USB_EPSetStall
                0x00000000080072b2       0xa2 ./Drivers/STM32G4xx_HAL_Driver/Src/stm32g4xx_ll_usb.o
                0x00000000080072b2                USB_EPSetStall
 .text.USB_EPClearStall
                0x0000000008007354      0x15c ./Drivers/STM32G4xx_HAL_Driver/Src/stm32g4xx_ll_usb.o
                0x0000000008007354                USB_EPClearStall
 .text.USB_SetDevAddress
                0x00000000080074b0       0x28 ./Drivers/STM32G4xx_HAL_Driver/Src/stm32g4xx_ll_usb.o
                0x00000000080074b0                USB_SetDevAddress
 .text.USB_DevConnect
                0x00000000080074d8       0x2e ./Drivers/STM32G4xx_HAL_Driver/Src/stm32g4xx_ll_usb.o
                0x00000000080074d8                USB_DevConnect
 .text.USB_ReadInterrupts
                0x0000000008007506       0x20 ./Drivers/STM32G4xx_HAL_Driver/Src/stm32g4xx_ll_usb.o
                0x0000000008007506                USB_ReadInterrupts
 .text.USB_WritePMA
                0x0000000008007526       0x84 ./Drivers/STM32G4xx_HAL_Driver/Src/stm32g4xx_ll_usb.o
                0x0000000008007526                USB_WritePMA
 .text.USB_ReadPMA
                0x00000000080075aa       0x98 ./Drivers/STM32G4xx_HAL_Driver/Src/stm32g4xx_ll_usb.o
                0x00000000080075aa                USB_ReadPMA
 .text.USBD_CDC_Init
                0x0000000008007642       0xfe ./Middlewares/ST/STM32_USB_Device_Library/Class/CDC/Src/usbd_cdc.o
 .text.USBD_CDC_DeInit
                0x0000000008007740       0x74 ./Middlewares/ST/STM32_USB_Device_Library/Class/CDC/Src/usbd_cdc.o
 .text.USBD_CDC_Setup
                0x00000000080077b4      0x190 ./Middlewares/ST/STM32_USB_Device_Library/Class/CDC/Src/usbd_cdc.o
 .text.USBD_CDC_DataIn
                0x0000000008007944       0xca ./Middlewares/ST/STM32_USB_Device_Library/Class/CDC/Src/usbd_cdc.o
 .text.USBD_CDC_DataOut
                0x0000000008007a0e       0x56 ./Middlewares/ST/STM32_USB_Device_Library/Class/CDC/Src/usbd_cdc.o
 .text.USBD_CDC_EP0_RxReady
                0x0000000008007a64       0x5a ./Middlewares/ST/STM32_USB_Device_Library/Class/CDC/Src/usbd_cdc.o
 *fill*         0x0000000008007abe        0x2 
 .text.USBD_CDC_GetFSCfgDesc
                0x0000000008007ac0       0x20 ./Middlewares/ST/STM32_USB_Device_Library/Class/CDC/Src/usbd_cdc.o
 .text.USBD_CDC_GetHSCfgDesc
                0x0000000008007ae0       0x20 ./Middlewares/ST/STM32_USB_Device_Library/Class/CDC/Src/usbd_cdc.o
 .text.USBD_CDC_GetOtherSpeedCfgDesc
                0x0000000008007b00       0x20 ./Middlewares/ST/STM32_USB_Device_Library/Class/CDC/Src/usbd_cdc.o
 .text.USBD_CDC_GetDeviceQualifierDescriptor
                0x0000000008007b20       0x20 ./Middlewares/ST/STM32_USB_Device_Library/Class/CDC/Src/usbd_cdc.o
                0x0000000008007b20                USBD_CDC_GetDeviceQualifierDescriptor
 .text.USBD_CDC_RegisterInterface
                0x0000000008007b40       0x2a ./Middlewares/ST/STM32_USB_Device_Library/Class/CDC/Src/usbd_cdc.o
                0x0000000008007b40                USBD_CDC_RegisterInterface
 .text.USBD_CDC_SetTxBuffer
                0x0000000008007b6a       0x3c ./Middlewares/ST/STM32_USB_Device_Library/Class/CDC/Src/usbd_cdc.o
                0x0000000008007b6a                USBD_CDC_SetTxBuffer
 .text.USBD_CDC_SetRxBuffer
                0x0000000008007ba6       0x32 ./Middlewares/ST/STM32_USB_Device_Library/Class/CDC/Src/usbd_cdc.o
                0x0000000008007ba6                USBD_CDC_SetRxBuffer
 .text.USBD_CDC_ReceivePacket
                0x0000000008007bd8       0x54 ./Middlewares/ST/STM32_USB_Device_Library/Class/CDC/Src/usbd_cdc.o
                0x0000000008007bd8                USBD_CDC_ReceivePacket
 .text.USBD_Init
                0x0000000008007c2c       0x60 ./Middlewares/ST/STM32_USB_Device_Library/Core/Src/usbd_core.o
                0x0000000008007c2c                USBD_Init
 .text.USBD_RegisterClass
                0x0000000008007c8c       0x4e ./Middlewares/ST/STM32_USB_Device_Library/Core/Src/usbd_core.o
                0x0000000008007c8c                USBD_RegisterClass
 .text.USBD_Start
                0x0000000008007cda       0x18 ./Middlewares/ST/STM32_USB_Device_Library/Core/Src/usbd_core.o
                0x0000000008007cda                USBD_Start
 .text.USBD_RunTestMode
                0x0000000008007cf2       0x16 ./Middlewares/ST/STM32_USB_Device_Library/Core/Src/usbd_core.o
                0x0000000008007cf2                USBD_RunTestMode
 .text.USBD_SetClassConfig
                0x0000000008007d08       0x38 ./Middlewares/ST/STM32_USB_Device_Library/Core/Src/usbd_core.o
                0x0000000008007d08                USBD_SetClassConfig
 .text.USBD_ClrClassConfig
                0x0000000008007d40       0x30 ./Middlewares/ST/STM32_USB_Device_Library/Core/Src/usbd_core.o
                0x0000000008007d40                USBD_ClrClassConfig
 .text.USBD_LL_SetupStage
                0x0000000008007d70       0xaa ./Middlewares/ST/STM32_USB_Device_Library/Core/Src/usbd_core.o
                0x0000000008007d70                USBD_LL_SetupStage
 .text.USBD_LL_DataOutStage
                0x0000000008007e1a       0xc6 ./Middlewares/ST/STM32_USB_Device_Library/Core/Src/usbd_core.o
                0x0000000008007e1a                USBD_LL_DataOutStage
 .text.USBD_LL_DataInStage
                0x0000000008007ee0      0x12c ./Middlewares/ST/STM32_USB_Device_Library/Core/Src/usbd_core.o
                0x0000000008007ee0                USBD_LL_DataInStage
 .text.USBD_LL_Reset
                0x000000000800800c       0x9c ./Middlewares/ST/STM32_USB_Device_Library/Core/Src/usbd_core.o
                0x000000000800800c                USBD_LL_Reset
 .text.USBD_LL_SetSpeed
                0x00000000080080a8       0x20 ./Middlewares/ST/STM32_USB_Device_Library/Core/Src/usbd_core.o
                0x00000000080080a8                USBD_LL_SetSpeed
 .text.USBD_LL_Suspend
                0x00000000080080c8       0x2c ./Middlewares/ST/STM32_USB_Device_Library/Core/Src/usbd_core.o
                0x00000000080080c8                USBD_LL_Suspend
 .text.USBD_LL_Resume
                0x00000000080080f4       0x30 ./Middlewares/ST/STM32_USB_Device_Library/Core/Src/usbd_core.o
                0x00000000080080f4                USBD_LL_Resume
 .text.USBD_LL_SOF
                0x0000000008008124       0x44 ./Middlewares/ST/STM32_USB_Device_Library/Core/Src/usbd_core.o
                0x0000000008008124                USBD_LL_SOF
 .text.SWAPBYTE
                0x0000000008008168       0x3c ./Middlewares/ST/STM32_USB_Device_Library/Core/Src/usbd_ctlreq.o
 .text.USBD_StdDevReq
                0x00000000080081a4       0xdc ./Middlewares/ST/STM32_USB_Device_Library/Core/Src/usbd_ctlreq.o
                0x00000000080081a4                USBD_StdDevReq
 .text.USBD_StdItfReq
                0x0000000008008280       0x92 ./Middlewares/ST/STM32_USB_Device_Library/Core/Src/usbd_ctlreq.o
                0x0000000008008280                USBD_StdItfReq
 .text.USBD_StdEPReq
                0x0000000008008312      0x2c4 ./Middlewares/ST/STM32_USB_Device_Library/Core/Src/usbd_ctlreq.o
                0x0000000008008312                USBD_StdEPReq
 *fill*         0x00000000080085d6        0x2 
 .text.USBD_GetDescriptor
                0x00000000080085d8      0x328 ./Middlewares/ST/STM32_USB_Device_Library/Core/Src/usbd_ctlreq.o
 .text.USBD_SetAddress
                0x0000000008008900       0x88 ./Middlewares/ST/STM32_USB_Device_Library/Core/Src/usbd_ctlreq.o
 .text.USBD_SetConfig
                0x0000000008008988      0x14c ./Middlewares/ST/STM32_USB_Device_Library/Core/Src/usbd_ctlreq.o
 .text.USBD_GetConfig
                0x0000000008008ad4       0x6c ./Middlewares/ST/STM32_USB_Device_Library/Core/Src/usbd_ctlreq.o
 .text.USBD_GetStatus
                0x0000000008008b40       0x68 ./Middlewares/ST/STM32_USB_Device_Library/Core/Src/usbd_ctlreq.o
 .text.USBD_SetFeature
                0x0000000008008ba8       0x28 ./Middlewares/ST/STM32_USB_Device_Library/Core/Src/usbd_ctlreq.o
 .text.USBD_ClrFeature
                0x0000000008008bd0       0x44 ./Middlewares/ST/STM32_USB_Device_Library/Core/Src/usbd_ctlreq.o
 .text.USBD_ParseSetupRequest
                0x0000000008008c14       0x74 ./Middlewares/ST/STM32_USB_Device_Library/Core/Src/usbd_ctlreq.o
                0x0000000008008c14                USBD_ParseSetupRequest
 .text.USBD_CtlError
                0x0000000008008c88       0x22 ./Middlewares/ST/STM32_USB_Device_Library/Core/Src/usbd_ctlreq.o
                0x0000000008008c88                USBD_CtlError
 .text.USBD_GetString
                0x0000000008008caa       0x8c ./Middlewares/ST/STM32_USB_Device_Library/Core/Src/usbd_ctlreq.o
                0x0000000008008caa                USBD_GetString
 .text.USBD_GetLen
                0x0000000008008d36       0x34 ./Middlewares/ST/STM32_USB_Device_Library/Core/Src/usbd_ctlreq.o
 .text.USBD_CtlSendData
                0x0000000008008d6a       0x36 ./Middlewares/ST/STM32_USB_Device_Library/Core/Src/usbd_ioreq.o
                0x0000000008008d6a                USBD_CtlSendData
 .text.USBD_CtlContinueSendData
                0x0000000008008da0       0x22 ./Middlewares/ST/STM32_USB_Device_Library/Core/Src/usbd_ioreq.o
                0x0000000008008da0                USBD_CtlContinueSendData
 .text.USBD_CtlPrepareRx
                0x0000000008008dc2       0x3a ./Middlewares/ST/STM32_USB_Device_Library/Core/Src/usbd_ioreq.o
                0x0000000008008dc2                USBD_CtlPrepareRx
 .text.USBD_CtlContinueRx
                0x0000000008008dfc       0x22 ./Middlewares/ST/STM32_USB_Device_Library/Core/Src/usbd_ioreq.o
                0x0000000008008dfc                USBD_CtlContinueRx
 .text.USBD_CtlSendStatus
                0x0000000008008e1e       0x26 ./Middlewares/ST/STM32_USB_Device_Library/Core/Src/usbd_ioreq.o
                0x0000000008008e1e                USBD_CtlSendStatus
 .text.USBD_CtlReceiveStatus
                0x0000000008008e44       0x26 ./Middlewares/ST/STM32_USB_Device_Library/Core/Src/usbd_ioreq.o
                0x0000000008008e44                USBD_CtlReceiveStatus
 *fill*         0x0000000008008e6a        0x2 
 .text.MX_USB_Device_Init
                0x0000000008008e6c       0x60 ./USB_Device/App/usb_device.o
                0x0000000008008e6c                MX_USB_Device_Init
 .text.CDC_Init_FS
                0x0000000008008ecc       0x28 ./USB_Device/App/usbd_cdc_if.o
 .text.CDC_DeInit_FS
                0x0000000008008ef4       0x10 ./USB_Device/App/usbd_cdc_if.o
 .text.CDC_Control_FS
                0x0000000008008f04       0xbc ./USB_Device/App/usbd_cdc_if.o
 .text.CDC_Receive_FS
                0x0000000008008fc0       0x28 ./USB_Device/App/usbd_cdc_if.o
 .text.CDC_TransmitCplt_FS
                0x0000000008008fe8       0x22 ./USB_Device/App/usbd_cdc_if.o
 *fill*         0x000000000800900a        0x2 
 .text.USBD_CDC_DeviceDescriptor
                0x000000000800900c       0x24 ./USB_Device/App/usbd_desc.o
                0x000000000800900c                USBD_CDC_DeviceDescriptor
 .text.USBD_CDC_LangIDStrDescriptor
                0x0000000008009030       0x24 ./USB_Device/App/usbd_desc.o
                0x0000000008009030                USBD_CDC_LangIDStrDescriptor
 .text.USBD_CDC_ProductStrDescriptor
                0x0000000008009054       0x3c ./USB_Device/App/usbd_desc.o
                0x0000000008009054                USBD_CDC_ProductStrDescriptor
 .text.USBD_CDC_ManufacturerStrDescriptor
                0x0000000008009090       0x28 ./USB_Device/App/usbd_desc.o
                0x0000000008009090                USBD_CDC_ManufacturerStrDescriptor
 .text.USBD_CDC_SerialStrDescriptor
                0x00000000080090b8       0x24 ./USB_Device/App/usbd_desc.o
                0x00000000080090b8                USBD_CDC_SerialStrDescriptor
 .text.USBD_CDC_ConfigStrDescriptor
                0x00000000080090dc       0x3c ./USB_Device/App/usbd_desc.o
                0x00000000080090dc                USBD_CDC_ConfigStrDescriptor
 .text.USBD_CDC_InterfaceStrDescriptor
                0x0000000008009118       0x3c ./USB_Device/App/usbd_desc.o
                0x0000000008009118                USBD_CDC_InterfaceStrDescriptor
 .text.Get_SerialNum
                0x0000000008009154       0x58 ./USB_Device/App/usbd_desc.o
 .text.IntToUnicode
                0x00000000080091ac       0x7e ./USB_Device/App/usbd_desc.o
 *fill*         0x000000000800922a        0x2 
 .text.HAL_PCD_MspInit
                0x000000000800922c       0x78 ./USB_Device/Target/usbd_conf.o
                0x000000000800922c                HAL_PCD_MspInit
 .text.HAL_PCD_SetupStageCallback
                0x00000000080092a4       0x24 ./USB_Device/Target/usbd_conf.o
                0x00000000080092a4                HAL_PCD_SetupStageCallback
 .text.HAL_PCD_DataOutStageCallback
                0x00000000080092c8       0x36 ./USB_Device/Target/usbd_conf.o
                0x00000000080092c8                HAL_PCD_DataOutStageCallback
 .text.HAL_PCD_DataInStageCallback
                0x00000000080092fe       0x34 ./USB_Device/Target/usbd_conf.o
                0x00000000080092fe                HAL_PCD_DataInStageCallback
 .text.HAL_PCD_SOFCallback
                0x0000000008009332       0x1c ./USB_Device/Target/usbd_conf.o
                0x0000000008009332                HAL_PCD_SOFCallback
 .text.HAL_PCD_ResetCallback
                0x000000000800934e       0x3c ./USB_Device/Target/usbd_conf.o
                0x000000000800934e                HAL_PCD_ResetCallback
 *fill*         0x000000000800938a        0x2 
 .text.HAL_PCD_SuspendCallback
                0x000000000800938c       0x34 ./USB_Device/Target/usbd_conf.o
                0x000000000800938c                HAL_PCD_SuspendCallback
 .text.HAL_PCD_ResumeCallback
                0x00000000080093c0       0x38 ./USB_Device/Target/usbd_conf.o
                0x00000000080093c0                HAL_PCD_ResumeCallback
 .text.USBD_LL_Init
                0x00000000080093f8       0xc0 ./USB_Device/Target/usbd_conf.o
                0x00000000080093f8                USBD_LL_Init
 .text.USBD_LL_Start
                0x00000000080094b8       0x36 ./USB_Device/Target/usbd_conf.o
                0x00000000080094b8                USBD_LL_Start
 .text.USBD_LL_OpenEP
                0x00000000080094ee       0x4c ./USB_Device/Target/usbd_conf.o
                0x00000000080094ee                USBD_LL_OpenEP
 .text.USBD_LL_CloseEP
                0x000000000800953a       0x3e ./USB_Device/Target/usbd_conf.o
                0x000000000800953a                USBD_LL_CloseEP
 .text.USBD_LL_StallEP
                0x0000000008009578       0x3e ./USB_Device/Target/usbd_conf.o
                0x0000000008009578                USBD_LL_StallEP
 .text.USBD_LL_ClearStallEP
                0x00000000080095b6       0x3e ./USB_Device/Target/usbd_conf.o
                0x00000000080095b6                USBD_LL_ClearStallEP
 .text.USBD_LL_IsStallEP
                0x00000000080095f4       0x5a ./USB_Device/Target/usbd_conf.o
                0x00000000080095f4                USBD_LL_IsStallEP
 .text.USBD_LL_SetUSBAddress
                0x000000000800964e       0x3e ./USB_Device/Target/usbd_conf.o
                0x000000000800964e                USBD_LL_SetUSBAddress
 .text.USBD_LL_Transmit
                0x000000000800968c       0x42 ./USB_Device/Target/usbd_conf.o
                0x000000000800968c                USBD_LL_Transmit
 .text.USBD_LL_PrepareReceive
                0x00000000080096ce       0x42 ./USB_Device/Target/usbd_conf.o
                0x00000000080096ce                USBD_LL_PrepareReceive
 .text.USBD_LL_GetRxDataSize
                0x0000000008009710       0x26 ./USB_Device/Target/usbd_conf.o
                0x0000000008009710                USBD_LL_GetRxDataSize
 *fill*         0x0000000008009736        0x2 
 .text.HAL_PCDEx_LPM_Callback
                0x0000000008009738       0x6c ./USB_Device/Target/usbd_conf.o
                0x0000000008009738                HAL_PCDEx_LPM_Callback
 .text.USBD_static_malloc
                0x00000000080097a4       0x1c ./USB_Device/Target/usbd_conf.o
                0x00000000080097a4                USBD_static_malloc
 .text.USBD_static_free
                0x00000000080097c0       0x14 ./USB_Device/Target/usbd_conf.o
                0x00000000080097c0                USBD_static_free
 .text.SystemClockConfig_Resume
                0x00000000080097d4        0xc ./USB_Device/Target/usbd_conf.o
 .text.USBD_Get_USB_Status
                0x00000000080097e0       0x58 ./USB_Device/Target/usbd_conf.o
 .text.__libc_init_array
                0x0000000008009838       0x48 /opt/st/stm32cubeide_1.11.2/plugins/com.st.stm32cube.ide.mcu.externaltools.gnu-tools-for-stm32.10.3-2021.10.linux64_1.0.100.202210260954/tools/bin/../lib/gcc/arm-none-eabi/10.3.1/../../../../arm-none-eabi/lib/thumb/v7e-m+fp/hard/libc_nano.a(lib_a-init.o)
                0x0000000008009838                __libc_init_array
 .text.memset   0x0000000008009880       0x10 /opt/st/stm32cubeide_1.11.2/plugins/com.st.stm32cube.ide.mcu.externaltools.gnu-tools-for-stm32.10.3-2021.10.linux64_1.0.100.202210260954/tools/bin/../lib/gcc/arm-none-eabi/10.3.1/../../../../arm-none-eabi/lib/thumb/v7e-m+fp/hard/libc_nano.a(lib_a-memset.o)
                0x0000000008009880                memset
 *(.glue_7)
 .glue_7        0x0000000008009890        0x0 linker stubs
 *(.glue_7t)
 .glue_7t       0x0000000008009890        0x0 linker stubs
 *(.eh_frame)
 .eh_frame      0x0000000008009890        0x0 /opt/st/stm32cubeide_1.11.2/plugins/com.st.stm32cube.ide.mcu.externaltools.gnu-tools-for-stm32.10.3-2021.10.linux64_1.0.100.202210260954/tools/bin/../lib/gcc/arm-none-eabi/10.3.1/thumb/v7e-m+fp/hard/crtbegin.o
 *(.init)
 .init          0x0000000008009890        0x4 /opt/st/stm32cubeide_1.11.2/plugins/com.st.stm32cube.ide.mcu.externaltools.gnu-tools-for-stm32.10.3-2021.10.linux64_1.0.100.202210260954/tools/bin/../lib/gcc/arm-none-eabi/10.3.1/thumb/v7e-m+fp/hard/crti.o
                0x0000000008009890                _init
 .init          0x0000000008009894        0x8 /opt/st/stm32cubeide_1.11.2/plugins/com.st.stm32cube.ide.mcu.externaltools.gnu-tools-for-stm32.10.3-2021.10.linux64_1.0.100.202210260954/tools/bin/../lib/gcc/arm-none-eabi/10.3.1/thumb/v7e-m+fp/hard/crtn.o
 *(.fini)
 .fini          0x000000000800989c        0x4 /opt/st/stm32cubeide_1.11.2/plugins/com.st.stm32cube.ide.mcu.externaltools.gnu-tools-for-stm32.10.3-2021.10.linux64_1.0.100.202210260954/tools/bin/../lib/gcc/arm-none-eabi/10.3.1/thumb/v7e-m+fp/hard/crti.o
                0x000000000800989c                _fini
 .fini          0x00000000080098a0        0x8 /opt/st/stm32cubeide_1.11.2/plugins/com.st.stm32cube.ide.mcu.externaltools.gnu-tools-for-stm32.10.3-2021.10.linux64_1.0.100.202210260954/tools/bin/../lib/gcc/arm-none-eabi/10.3.1/thumb/v7e-m+fp/hard/crtn.o
                0x00000000080098a8                . = ALIGN (0x4)
                0x00000000080098a8                _etext = .

.vfp11_veneer   0x00000000080098a8        0x0
 .vfp11_veneer  0x00000000080098a8        0x0 linker stubs

.v4_bx          0x00000000080098a8        0x0
 .v4_bx         0x00000000080098a8        0x0 linker stubs

.iplt           0x00000000080098a8        0x0
 .iplt          0x00000000080098a8        0x0 /opt/st/stm32cubeide_1.11.2/plugins/com.st.stm32cube.ide.mcu.externaltools.gnu-tools-for-stm32.10.3-2021.10.linux64_1.0.100.202210260954/tools/bin/../lib/gcc/arm-none-eabi/10.3.1/thumb/v7e-m+fp/hard/crtbegin.o

.rodata         0x00000000080098a8       0x88
                0x00000000080098a8                . = ALIGN (0x4)
 *(.rodata)
 .rodata        0x00000000080098a8       0x46 ./USB_Device/App/usbd_desc.o
 *(.rodata*)
 *fill*         0x00000000080098ee        0x2 
 .rodata.AHBPrescTable
                0x00000000080098f0       0x10 ./Core/Src/system_stm32g4xx.o
                0x00000000080098f0                AHBPrescTable
 .rodata.APBPrescTable
                0x0000000008009900        0x8 ./Core/Src/system_stm32g4xx.o
                0x0000000008009900                APBPrescTable
 .rodata.UARTPrescTable
                0x0000000008009908       0x18 ./Drivers/STM32G4xx_HAL_Driver/Src/stm32g4xx_hal_uart.o
                0x0000000008009908                UARTPrescTable
 .rodata.numerator.1
                0x0000000008009920        0x8 ./Drivers/STM32G4xx_HAL_Driver/Src/stm32g4xx_hal_uart_ex.o
 .rodata.denominator.0
                0x0000000008009928        0x8 ./Drivers/STM32G4xx_HAL_Driver/Src/stm32g4xx_hal_uart_ex.o
                0x0000000008009930                . = ALIGN (0x4)

.ARM.extab      0x0000000008009930        0x0
                0x0000000008009930                . = ALIGN (0x4)
 *(.ARM.extab* .gnu.linkonce.armextab.*)
                0x0000000008009930                . = ALIGN (0x4)

.ARM            0x0000000008009930        0x8
                0x0000000008009930                . = ALIGN (0x4)
                0x0000000008009930                __exidx_start = .
 *(.ARM.exidx*)
 .ARM.exidx     0x0000000008009930        0x8 /opt/st/stm32cubeide_1.11.2/plugins/com.st.stm32cube.ide.mcu.externaltools.gnu-tools-for-stm32.10.3-2021.10.linux64_1.0.100.202210260954/tools/bin/../lib/gcc/arm-none-eabi/10.3.1/thumb/v7e-m+fp/hard/libgcc.a(_udivmoddi4.o)
                0x0000000008009938                __exidx_end = .
                0x0000000008009938                . = ALIGN (0x4)

.rel.dyn        0x0000000008009938        0x0
 .rel.iplt      0x0000000008009938        0x0 /opt/st/stm32cubeide_1.11.2/plugins/com.st.stm32cube.ide.mcu.externaltools.gnu-tools-for-stm32.10.3-2021.10.linux64_1.0.100.202210260954/tools/bin/../lib/gcc/arm-none-eabi/10.3.1/thumb/v7e-m+fp/hard/crtbegin.o

.preinit_array  0x0000000008009938        0x0
                0x0000000008009938                . = ALIGN (0x4)
                0x0000000008009938                PROVIDE (__preinit_array_start = .)
 *(.preinit_array*)
                0x0000000008009938                PROVIDE (__preinit_array_end = .)
                0x0000000008009938                . = ALIGN (0x4)

.init_array     0x0000000008009938        0x4
                0x0000000008009938                . = ALIGN (0x4)
                0x0000000008009938                PROVIDE (__init_array_start = .)
 *(SORT_BY_NAME(.init_array.*))
 *(.init_array*)
 .init_array    0x0000000008009938        0x4 /opt/st/stm32cubeide_1.11.2/plugins/com.st.stm32cube.ide.mcu.externaltools.gnu-tools-for-stm32.10.3-2021.10.linux64_1.0.100.202210260954/tools/bin/../lib/gcc/arm-none-eabi/10.3.1/thumb/v7e-m+fp/hard/crtbegin.o
                0x000000000800993c                PROVIDE (__init_array_end = .)
                0x000000000800993c                . = ALIGN (0x4)

.fini_array     0x000000000800993c        0x4
                0x000000000800993c                . = ALIGN (0x4)
                [!provide]                        PROVIDE (__fini_array_start = .)
 *(SORT_BY_NAME(.fini_array.*))
 *(.fini_array*)
 .fini_array    0x000000000800993c        0x4 /opt/st/stm32cubeide_1.11.2/plugins/com.st.stm32cube.ide.mcu.externaltools.gnu-tools-for-stm32.10.3-2021.10.linux64_1.0.100.202210260954/tools/bin/../lib/gcc/arm-none-eabi/10.3.1/thumb/v7e-m+fp/hard/crtbegin.o
                [!provide]                        PROVIDE (__fini_array_end = .)
                0x0000000008009940                . = ALIGN (0x4)
                0x0000000008009940                _sidata = LOADADDR (.data)

.data           0x0000000020000000      0x184 load address 0x0000000008009940
                0x0000000020000000                . = ALIGN (0x4)
                0x0000000020000000                _sdata = .
 *(.data)
 *(.data*)
 .data.SystemCoreClock
                0x0000000020000000        0x4 ./Core/Src/system_stm32g4xx.o
                0x0000000020000000                SystemCoreClock
 .data.uwTickPrio
                0x0000000020000004        0x4 ./Drivers/STM32G4xx_HAL_Driver/Src/stm32g4xx_hal.o
                0x0000000020000004                uwTickPrio
 .data.uwTickFreq
                0x0000000020000008        0x4 ./Drivers/STM32G4xx_HAL_Driver/Src/stm32g4xx_hal.o
                0x0000000020000008                uwTickFreq
 .data.USBD_CDC_DeviceQualifierDesc
                0x000000002000000c        0xa ./Middlewares/ST/STM32_USB_Device_Library/Class/CDC/Src/usbd_cdc.o
 *fill*         0x0000000020000016        0x2 
 .data.USBD_CDC
                0x0000000020000018       0x38 ./Middlewares/ST/STM32_USB_Device_Library/Class/CDC/Src/usbd_cdc.o
                0x0000000020000018                USBD_CDC
 .data.USBD_CDC_CfgHSDesc
                0x0000000020000050       0x43 ./Middlewares/ST/STM32_USB_Device_Library/Class/CDC/Src/usbd_cdc.o
 *fill*         0x0000000020000093        0x1 
 .data.USBD_CDC_CfgFSDesc
                0x0000000020000094       0x43 ./Middlewares/ST/STM32_USB_Device_Library/Class/CDC/Src/usbd_cdc.o
 *fill*         0x00000000200000d7        0x1 
 .data.USBD_CDC_OtherSpeedCfgDesc
                0x00000000200000d8       0x43 ./Middlewares/ST/STM32_USB_Device_Library/Class/CDC/Src/usbd_cdc.o
 *fill*         0x000000002000011b        0x1 
 .data.USBD_Interface_fops_FS
                0x000000002000011c       0x14 ./USB_Device/App/usbd_cdc_if.o
                0x000000002000011c                USBD_Interface_fops_FS
 .data.CDC_Desc
                0x0000000020000130       0x20 ./USB_Device/App/usbd_desc.o
                0x0000000020000130                CDC_Desc
 .data.USBD_CDC_DeviceDesc
                0x0000000020000150       0x12 ./USB_Device/App/usbd_desc.o
                0x0000000020000150                USBD_CDC_DeviceDesc
 *fill*         0x0000000020000162        0x2 
 .data.USBD_LangIDDesc
                0x0000000020000164        0x4 ./USB_Device/App/usbd_desc.o
                0x0000000020000164                USBD_LangIDDesc
 .data.USBD_StringSerial
                0x0000000020000168       0x1a ./USB_Device/App/usbd_desc.o
                0x0000000020000168                USBD_StringSerial
 *(.RamFunc)
 *(.RamFunc*)
                0x0000000020000184                . = ALIGN (0x4)
 *fill*         0x0000000020000182        0x2 
                0x0000000020000184                _edata = .

.igot.plt       0x0000000020000184        0x0 load address 0x0000000008009ac4
 .igot.plt      0x0000000020000184        0x0 /opt/st/stm32cubeide_1.11.2/plugins/com.st.stm32cube.ide.mcu.externaltools.gnu-tools-for-stm32.10.3-2021.10.linux64_1.0.100.202210260954/tools/bin/../lib/gcc/arm-none-eabi/10.3.1/thumb/v7e-m+fp/hard/crtbegin.o
                0x0000000020000184                . = ALIGN (0x4)

.bss            0x0000000020000184     0x1d78 load address 0x0000000008009ac4
                0x0000000020000184                _sbss = .
                0x0000000020000184                __bss_start__ = _sbss
 *(.bss)
 .bss           0x0000000020000184       0x1c /opt/st/stm32cubeide_1.11.2/plugins/com.st.stm32cube.ide.mcu.externaltools.gnu-tools-for-stm32.10.3-2021.10.linux64_1.0.100.202210260954/tools/bin/../lib/gcc/arm-none-eabi/10.3.1/thumb/v7e-m+fp/hard/crtbegin.o
 *(.bss*)
 .bss.hfdcan1   0x00000000200001a0       0x64 ./Core/Src/main.o
                0x00000000200001a0                hfdcan1
 .bss.hfdcan2   0x0000000020000204       0x64 ./Core/Src/main.o
                0x0000000020000204                hfdcan2
 .bss.hfdcan3   0x0000000020000268       0x64 ./Core/Src/main.o
                0x0000000020000268                hfdcan3
 .bss.huart4    0x00000000200002cc       0x90 ./Core/Src/main.o
                0x00000000200002cc                huart4
 .bss.huart5    0x000000002000035c       0x90 ./Core/Src/main.o
                0x000000002000035c                huart5
 .bss.huart2    0x00000000200003ec       0x90 ./Core/Src/main.o
                0x00000000200003ec                huart2
 .bss.huart3    0x000000002000047c       0x90 ./Core/Src/main.o
                0x000000002000047c                huart3
 .bss.HAL_RCC_FDCAN_CLK_ENABLED
                0x000000002000050c        0x4 ./Core/Src/stm32g4xx_hal_msp.o
 .bss.uwTick    0x0000000020000510        0x4 ./Drivers/STM32G4xx_HAL_Driver/Src/stm32g4xx_hal.o
                0x0000000020000510                uwTick
 .bss.cfgidx.0  0x0000000020000514        0x1 ./Middlewares/ST/STM32_USB_Device_Library/Core/Src/usbd_ctlreq.o
 *fill*         0x0000000020000515        0x3 
 .bss.hUsbDeviceFS
                0x0000000020000518      0x2d0 ./USB_Device/App/usb_device.o
                0x0000000020000518                hUsbDeviceFS
 .bss.UserRxBufferFS
                0x00000000200007e8      0x800 ./USB_Device/App/usbd_cdc_if.o
                0x00000000200007e8                UserRxBufferFS
 .bss.UserTxBufferFS
                0x0000000020000fe8      0x800 ./USB_Device/App/usbd_cdc_if.o
                0x0000000020000fe8                UserTxBufferFS
 .bss.USBD_StrDesc
                0x00000000200017e8      0x200 ./USB_Device/App/usbd_desc.o
                0x00000000200017e8                USBD_StrDesc
 .bss.hpcd_USB_FS
                0x00000000200019e8      0x2f4 ./USB_Device/Target/usbd_conf.o
                0x00000000200019e8                hpcd_USB_FS
 .bss.mem.0     0x0000000020001cdc      0x220 ./USB_Device/Target/usbd_conf.o
 *(COMMON)
                0x0000000020001efc                . = ALIGN (0x4)
                0x0000000020001efc                _ebss = .
                0x0000000020001efc                __bss_end__ = _ebss

._user_heap_stack
                0x0000000020001efc      0x604 load address 0x0000000008009ac4
                0x0000000020001f00                . = ALIGN (0x8)
 *fill*         0x0000000020001efc        0x4 
                [!provide]                        PROVIDE (end = .)
                0x0000000020001f00                PROVIDE (_end = .)
                0x0000000020002100                . = (. + _Min_Heap_Size)
 *fill*         0x0000000020001f00      0x200 
                0x0000000020002500                . = (. + _Min_Stack_Size)
 *fill*         0x0000000020002100      0x400 
                0x0000000020002500                . = ALIGN (0x8)

/DISCARD/
 libc.a(*)
 libm.a(*)
 libgcc.a(*)

.ARM.attributes
                0x0000000000000000       0x30
 *(.ARM.attributes)
 .ARM.attributes
                0x0000000000000000       0x1e /opt/st/stm32cubeide_1.11.2/plugins/com.st.stm32cube.ide.mcu.externaltools.gnu-tools-for-stm32.10.3-2021.10.linux64_1.0.100.202210260954/tools/bin/../lib/gcc/arm-none-eabi/10.3.1/thumb/v7e-m+fp/hard/crti.o
 .ARM.attributes
                0x000000000000001e       0x34 /opt/st/stm32cubeide_1.11.2/plugins/com.st.stm32cube.ide.mcu.externaltools.gnu-tools-for-stm32.10.3-2021.10.linux64_1.0.100.202210260954/tools/bin/../lib/gcc/arm-none-eabi/10.3.1/thumb/v7e-m+fp/hard/crtbegin.o
 .ARM.attributes
                0x0000000000000052       0x34 ./Core/Src/main.o
 .ARM.attributes
                0x0000000000000086       0x34 ./Core/Src/stm32g4xx_hal_msp.o
 .ARM.attributes
                0x00000000000000ba       0x34 ./Core/Src/stm32g4xx_it.o
 .ARM.attributes
                0x00000000000000ee       0x34 ./Core/Src/system_stm32g4xx.o
 .ARM.attributes
                0x0000000000000122       0x21 ./Core/Startup/startup_stm32g474retx.o
 .ARM.attributes
                0x0000000000000143       0x34 ./Drivers/STM32G4xx_HAL_Driver/Src/stm32g4xx_hal.o
 .ARM.attributes
                0x0000000000000177       0x34 ./Drivers/STM32G4xx_HAL_Driver/Src/stm32g4xx_hal_cortex.o
 .ARM.attributes
                0x00000000000001ab       0x34 ./Drivers/STM32G4xx_HAL_Driver/Src/stm32g4xx_hal_fdcan.o
 .ARM.attributes
                0x00000000000001df       0x34 ./Drivers/STM32G4xx_HAL_Driver/Src/stm32g4xx_hal_gpio.o
 .ARM.attributes
                0x0000000000000213       0x34 ./Drivers/STM32G4xx_HAL_Driver/Src/stm32g4xx_hal_pcd.o
 .ARM.attributes
                0x0000000000000247       0x34 ./Drivers/STM32G4xx_HAL_Driver/Src/stm32g4xx_hal_pcd_ex.o
 .ARM.attributes
                0x000000000000027b       0x34 ./Drivers/STM32G4xx_HAL_Driver/Src/stm32g4xx_hal_pwr_ex.o
 .ARM.attributes
                0x00000000000002af       0x34 ./Drivers/STM32G4xx_HAL_Driver/Src/stm32g4xx_hal_rcc.o
 .ARM.attributes
                0x00000000000002e3       0x34 ./Drivers/STM32G4xx_HAL_Driver/Src/stm32g4xx_hal_rcc_ex.o
 .ARM.attributes
                0x0000000000000317       0x34 ./Drivers/STM32G4xx_HAL_Driver/Src/stm32g4xx_hal_uart.o
 .ARM.attributes
                0x000000000000034b       0x34 ./Drivers/STM32G4xx_HAL_Driver/Src/stm32g4xx_hal_uart_ex.o
 .ARM.attributes
                0x000000000000037f       0x34 ./Drivers/STM32G4xx_HAL_Driver/Src/stm32g4xx_ll_usb.o
 .ARM.attributes
                0x00000000000003b3       0x34 ./Middlewares/ST/STM32_USB_Device_Library/Class/CDC/Src/usbd_cdc.o
 .ARM.attributes
                0x00000000000003e7       0x34 ./Middlewares/ST/STM32_USB_Device_Library/Core/Src/usbd_core.o
 .ARM.attributes
                0x000000000000041b       0x34 ./Middlewares/ST/STM32_USB_Device_Library/Core/Src/usbd_ctlreq.o
 .ARM.attributes
                0x000000000000044f       0x34 ./Middlewares/ST/STM32_USB_Device_Library/Core/Src/usbd_ioreq.o
 .ARM.attributes
                0x0000000000000483       0x34 ./USB_Device/App/usb_device.o
 .ARM.attributes
                0x00000000000004b7       0x34 ./USB_Device/App/usbd_cdc_if.o
 .ARM.attributes
                0x00000000000004eb       0x34 ./USB_Device/App/usbd_desc.o
 .ARM.attributes
                0x000000000000051f       0x34 ./USB_Device/Target/usbd_conf.o
 .ARM.attributes
                0x0000000000000553       0x34 /opt/st/stm32cubeide_1.11.2/plugins/com.st.stm32cube.ide.mcu.externaltools.gnu-tools-for-stm32.10.3-2021.10.linux64_1.0.100.202210260954/tools/bin/../lib/gcc/arm-none-eabi/10.3.1/../../../../arm-none-eabi/lib/thumb/v7e-m+fp/hard/libc_nano.a(lib_a-init.o)
 .ARM.attributes
                0x0000000000000587       0x34 /opt/st/stm32cubeide_1.11.2/plugins/com.st.stm32cube.ide.mcu.externaltools.gnu-tools-for-stm32.10.3-2021.10.linux64_1.0.100.202210260954/tools/bin/../lib/gcc/arm-none-eabi/10.3.1/../../../../arm-none-eabi/lib/thumb/v7e-m+fp/hard/libc_nano.a(lib_a-memset.o)
 .ARM.attributes
                0x00000000000005bb       0x1e /opt/st/stm32cubeide_1.11.2/plugins/com.st.stm32cube.ide.mcu.externaltools.gnu-tools-for-stm32.10.3-2021.10.linux64_1.0.100.202210260954/tools/bin/../lib/gcc/arm-none-eabi/10.3.1/thumb/v7e-m+fp/hard/libgcc.a(_aeabi_uldivmod.o)
 .ARM.attributes
                0x00000000000005d9       0x34 /opt/st/stm32cubeide_1.11.2/plugins/com.st.stm32cube.ide.mcu.externaltools.gnu-tools-for-stm32.10.3-2021.10.linux64_1.0.100.202210260954/tools/bin/../lib/gcc/arm-none-eabi/10.3.1/thumb/v7e-m+fp/hard/libgcc.a(_udivmoddi4.o)
 .ARM.attributes
                0x000000000000060d       0x1e /opt/st/stm32cubeide_1.11.2/plugins/com.st.stm32cube.ide.mcu.externaltools.gnu-tools-for-stm32.10.3-2021.10.linux64_1.0.100.202210260954/tools/bin/../lib/gcc/arm-none-eabi/10.3.1/thumb/v7e-m+fp/hard/libgcc.a(_dvmd_tls.o)
 .ARM.attributes
                0x000000000000062b       0x1e /opt/st/stm32cubeide_1.11.2/plugins/com.st.stm32cube.ide.mcu.externaltools.gnu-tools-for-stm32.10.3-2021.10.linux64_1.0.100.202210260954/tools/bin/../lib/gcc/arm-none-eabi/10.3.1/thumb/v7e-m+fp/hard/crtn.o
OUTPUT(GR474RE.elf elf32-littlearm)
LOAD linker stubs
LOAD /opt/st/stm32cubeide_1.11.2/plugins/com.st.stm32cube.ide.mcu.externaltools.gnu-tools-for-stm32.10.3-2021.10.linux64_1.0.100.202210260954/tools/bin/../lib/gcc/arm-none-eabi/10.3.1/../../../../arm-none-eabi/lib/thumb/v7e-m+fp/hard/libc.a
LOAD /opt/st/stm32cubeide_1.11.2/plugins/com.st.stm32cube.ide.mcu.externaltools.gnu-tools-for-stm32.10.3-2021.10.linux64_1.0.100.202210260954/tools/bin/../lib/gcc/arm-none-eabi/10.3.1/../../../../arm-none-eabi/lib/thumb/v7e-m+fp/hard/libm.a
LOAD /opt/st/stm32cubeide_1.11.2/plugins/com.st.stm32cube.ide.mcu.externaltools.gnu-tools-for-stm32.10.3-2021.10.linux64_1.0.100.202210260954/tools/bin/../lib/gcc/arm-none-eabi/10.3.1/thumb/v7e-m+fp/hard/libgcc.a

.debug_info     0x0000000000000000    0x185b5
 .debug_info    0x0000000000000000     0x1330 ./Core/Src/main.o
 .debug_info    0x0000000000001330     0x1469 ./Core/Src/stm32g4xx_hal_msp.o
 .debug_info    0x0000000000002799      0x6a6 ./Core/Src/stm32g4xx_it.o
 .debug_info    0x0000000000002e3f      0x59f ./Core/Src/system_stm32g4xx.o
 .debug_info    0x00000000000033de       0x22 ./Core/Startup/startup_stm32g474retx.o
 .debug_info    0x0000000000003400      0xb9d ./Drivers/STM32G4xx_HAL_Driver/Src/stm32g4xx_hal.o
 .debug_info    0x0000000000003f9d      0xe7e ./Drivers/STM32G4xx_HAL_Driver/Src/stm32g4xx_hal_cortex.o
 .debug_info    0x0000000000004e1b     0x1983 ./Drivers/STM32G4xx_HAL_Driver/Src/stm32g4xx_hal_fdcan.o
 .debug_info    0x000000000000679e      0x82f ./Drivers/STM32G4xx_HAL_Driver/Src/stm32g4xx_hal_gpio.o
 .debug_info    0x0000000000006fcd     0x16ac ./Drivers/STM32G4xx_HAL_Driver/Src/stm32g4xx_hal_pcd.o
 .debug_info    0x0000000000008679      0x890 ./Drivers/STM32G4xx_HAL_Driver/Src/stm32g4xx_hal_pcd_ex.o
 .debug_info    0x0000000000008f09      0x983 ./Drivers/STM32G4xx_HAL_Driver/Src/stm32g4xx_hal_pwr_ex.o
 .debug_info    0x000000000000988c      0xcb7 ./Drivers/STM32G4xx_HAL_Driver/Src/stm32g4xx_hal_rcc.o
 .debug_info    0x000000000000a543      0xd32 ./Drivers/STM32G4xx_HAL_Driver/Src/stm32g4xx_hal_rcc_ex.o
 .debug_info    0x000000000000b275     0x4936 ./Drivers/STM32G4xx_HAL_Driver/Src/stm32g4xx_hal_uart.o
 .debug_info    0x000000000000fbab     0x1031 ./Drivers/STM32G4xx_HAL_Driver/Src/stm32g4xx_hal_uart_ex.o
 .debug_info    0x0000000000010bdc     0x1675 ./Drivers/STM32G4xx_HAL_Driver/Src/stm32g4xx_ll_usb.o
 .debug_info    0x0000000000012251     0x11c1 ./Middlewares/ST/STM32_USB_Device_Library/Class/CDC/Src/usbd_cdc.o
 .debug_info    0x0000000000013412      0xbcd ./Middlewares/ST/STM32_USB_Device_Library/Core/Src/usbd_core.o
 .debug_info    0x0000000000013fdf      0xae0 ./Middlewares/ST/STM32_USB_Device_Library/Core/Src/usbd_ctlreq.o
 .debug_info    0x0000000000014abf      0x78f ./Middlewares/ST/STM32_USB_Device_Library/Core/Src/usbd_ioreq.o
 .debug_info    0x000000000001524e      0x71f ./USB_Device/App/usb_device.o
 .debug_info    0x000000000001596d      0x925 ./USB_Device/App/usbd_cdc_if.o
 .debug_info    0x0000000000016292      0x49b ./USB_Device/App/usbd_desc.o
 .debug_info    0x000000000001672d     0x1e88 ./USB_Device/Target/usbd_conf.o

.debug_abbrev   0x0000000000000000     0x3647
 .debug_abbrev  0x0000000000000000      0x279 ./Core/Src/main.o
 .debug_abbrev  0x0000000000000279      0x203 ./Core/Src/stm32g4xx_hal_msp.o
 .debug_abbrev  0x000000000000047c      0x188 ./Core/Src/stm32g4xx_it.o
 .debug_abbrev  0x0000000000000604      0x116 ./Core/Src/system_stm32g4xx.o
 .debug_abbrev  0x000000000000071a       0x12 ./Core/Startup/startup_stm32g474retx.o
 .debug_abbrev  0x000000000000072c      0x269 ./Drivers/STM32G4xx_HAL_Driver/Src/stm32g4xx_hal.o
 .debug_abbrev  0x0000000000000995      0x30d ./Drivers/STM32G4xx_HAL_Driver/Src/stm32g4xx_hal_cortex.o
 .debug_abbrev  0x0000000000000ca2      0x1d3 ./Drivers/STM32G4xx_HAL_Driver/Src/stm32g4xx_hal_fdcan.o
 .debug_abbrev  0x0000000000000e75      0x1bb ./Drivers/STM32G4xx_HAL_Driver/Src/stm32g4xx_hal_gpio.o
 .debug_abbrev  0x0000000000001030      0x2a4 ./Drivers/STM32G4xx_HAL_Driver/Src/stm32g4xx_hal_pcd.o
 .debug_abbrev  0x00000000000012d4      0x21d ./Drivers/STM32G4xx_HAL_Driver/Src/stm32g4xx_hal_pcd_ex.o
 .debug_abbrev  0x00000000000014f1      0x229 ./Drivers/STM32G4xx_HAL_Driver/Src/stm32g4xx_hal_pwr_ex.o
 .debug_abbrev  0x000000000000171a      0x2bd ./Drivers/STM32G4xx_HAL_Driver/Src/stm32g4xx_hal_rcc.o
 .debug_abbrev  0x00000000000019d7      0x247 ./Drivers/STM32G4xx_HAL_Driver/Src/stm32g4xx_hal_rcc_ex.o
 .debug_abbrev  0x0000000000001c1e      0x2f0 ./Drivers/STM32G4xx_HAL_Driver/Src/stm32g4xx_hal_uart.o
 .debug_abbrev  0x0000000000001f0e      0x2bd ./Drivers/STM32G4xx_HAL_Driver/Src/stm32g4xx_hal_uart_ex.o
 .debug_abbrev  0x00000000000021cb      0x22f ./Drivers/STM32G4xx_HAL_Driver/Src/stm32g4xx_ll_usb.o
 .debug_abbrev  0x00000000000023fa      0x2a6 ./Middlewares/ST/STM32_USB_Device_Library/Class/CDC/Src/usbd_cdc.o
 .debug_abbrev  0x00000000000026a0      0x23d ./Middlewares/ST/STM32_USB_Device_Library/Core/Src/usbd_core.o
 .debug_abbrev  0x00000000000028dd      0x26d ./Middlewares/ST/STM32_USB_Device_Library/Core/Src/usbd_ctlreq.o
 .debug_abbrev  0x0000000000002b4a      0x19b ./Middlewares/ST/STM32_USB_Device_Library/Core/Src/usbd_ioreq.o
 .debug_abbrev  0x0000000000002ce5      0x19b ./USB_Device/App/usb_device.o
 .debug_abbrev  0x0000000000002e80      0x2a1 ./USB_Device/App/usbd_cdc_if.o
 .debug_abbrev  0x0000000000003121      0x209 ./USB_Device/App/usbd_desc.o
 .debug_abbrev  0x000000000000332a      0x31d ./USB_Device/Target/usbd_conf.o

.debug_aranges  0x0000000000000000     0x11c8
 .debug_aranges
                0x0000000000000000       0x70 ./Core/Src/main.o
 .debug_aranges
                0x0000000000000070       0x40 ./Core/Src/stm32g4xx_hal_msp.o
 .debug_aranges
                0x00000000000000b0       0x68 ./Core/Src/stm32g4xx_it.o
 .debug_aranges
                0x0000000000000118       0x28 ./Core/Src/system_stm32g4xx.o
 .debug_aranges
                0x0000000000000140       0x28 ./Core/Startup/startup_stm32g474retx.o
 .debug_aranges
                0x0000000000000168      0x130 ./Drivers/STM32G4xx_HAL_Driver/Src/stm32g4xx_hal.o
 .debug_aranges
                0x0000000000000298      0x118 ./Drivers/STM32G4xx_HAL_Driver/Src/stm32g4xx_hal_cortex.o
 .debug_aranges
                0x00000000000003b0      0x208 ./Drivers/STM32G4xx_HAL_Driver/Src/stm32g4xx_hal_fdcan.o
 .debug_aranges
                0x00000000000005b8       0x58 ./Drivers/STM32G4xx_HAL_Driver/Src/stm32g4xx_hal_gpio.o
 .debug_aranges
                0x0000000000000610      0x130 ./Drivers/STM32G4xx_HAL_Driver/Src/stm32g4xx_hal_pcd.o
 .debug_aranges
                0x0000000000000740       0x58 ./Drivers/STM32G4xx_HAL_Driver/Src/stm32g4xx_hal_pcd_ex.o
 .debug_aranges
                0x0000000000000798      0x140 ./Drivers/STM32G4xx_HAL_Driver/Src/stm32g4xx_hal_pwr_ex.o
 .debug_aranges
                0x00000000000008d8       0x98 ./Drivers/STM32G4xx_HAL_Driver/Src/stm32g4xx_hal_rcc.o
 .debug_aranges
                0x0000000000000970       0xb0 ./Drivers/STM32G4xx_HAL_Driver/Src/stm32g4xx_hal_rcc_ex.o
 .debug_aranges
                0x0000000000000a20      0x248 ./Drivers/STM32G4xx_HAL_Driver/Src/stm32g4xx_hal_uart.o
 .debug_aranges
                0x0000000000000c68       0xa0 ./Drivers/STM32G4xx_HAL_Driver/Src/stm32g4xx_hal_uart_ex.o
 .debug_aranges
                0x0000000000000d08       0xb0 ./Drivers/STM32G4xx_HAL_Driver/Src/stm32g4xx_ll_usb.o
 .debug_aranges
                0x0000000000000db8       0x90 ./Middlewares/ST/STM32_USB_Device_Library/Class/CDC/Src/usbd_cdc.o
 .debug_aranges
                0x0000000000000e48       0xb8 ./Middlewares/ST/STM32_USB_Device_Library/Core/Src/usbd_core.o
 .debug_aranges
                0x0000000000000f00       0x90 ./Middlewares/ST/STM32_USB_Device_Library/Core/Src/usbd_ctlreq.o
 .debug_aranges
                0x0000000000000f90       0x50 ./Middlewares/ST/STM32_USB_Device_Library/Core/Src/usbd_ioreq.o
 .debug_aranges
                0x0000000000000fe0       0x20 ./USB_Device/App/usb_device.o
 .debug_aranges
                0x0000000000001000       0x48 ./USB_Device/App/usbd_cdc_if.o
 .debug_aranges
                0x0000000000001048       0x60 ./USB_Device/App/usbd_desc.o
 .debug_aranges
                0x00000000000010a8      0x120 ./USB_Device/Target/usbd_conf.o

.debug_ranges   0x0000000000000000     0x1070
 .debug_ranges  0x0000000000000000       0x60 ./Core/Src/main.o
 .debug_ranges  0x0000000000000060       0x30 ./Core/Src/stm32g4xx_hal_msp.o
 .debug_ranges  0x0000000000000090       0x58 ./Core/Src/stm32g4xx_it.o
 .debug_ranges  0x00000000000000e8       0x18 ./Core/Src/system_stm32g4xx.o
 .debug_ranges  0x0000000000000100       0x20 ./Core/Startup/startup_stm32g474retx.o
 .debug_ranges  0x0000000000000120      0x120 ./Drivers/STM32G4xx_HAL_Driver/Src/stm32g4xx_hal.o
 .debug_ranges  0x0000000000000240      0x108 ./Drivers/STM32G4xx_HAL_Driver/Src/stm32g4xx_hal_cortex.o
 .debug_ranges  0x0000000000000348      0x1f8 ./Drivers/STM32G4xx_HAL_Driver/Src/stm32g4xx_hal_fdcan.o
 .debug_ranges  0x0000000000000540       0x48 ./Drivers/STM32G4xx_HAL_Driver/Src/stm32g4xx_hal_gpio.o
 .debug_ranges  0x0000000000000588      0x120 ./Drivers/STM32G4xx_HAL_Driver/Src/stm32g4xx_hal_pcd.o
 .debug_ranges  0x00000000000006a8       0x48 ./Drivers/STM32G4xx_HAL_Driver/Src/stm32g4xx_hal_pcd_ex.o
 .debug_ranges  0x00000000000006f0      0x130 ./Drivers/STM32G4xx_HAL_Driver/Src/stm32g4xx_hal_pwr_ex.o
 .debug_ranges  0x0000000000000820       0x88 ./Drivers/STM32G4xx_HAL_Driver/Src/stm32g4xx_hal_rcc.o
 .debug_ranges  0x00000000000008a8       0xa0 ./Drivers/STM32G4xx_HAL_Driver/Src/stm32g4xx_hal_rcc_ex.o
 .debug_ranges  0x0000000000000948      0x268 ./Drivers/STM32G4xx_HAL_Driver/Src/stm32g4xx_hal_uart.o
 .debug_ranges  0x0000000000000bb0       0x90 ./Drivers/STM32G4xx_HAL_Driver/Src/stm32g4xx_hal_uart_ex.o
 .debug_ranges  0x0000000000000c40       0xa0 ./Drivers/STM32G4xx_HAL_Driver/Src/stm32g4xx_ll_usb.o
 .debug_ranges  0x0000000000000ce0       0x80 ./Middlewares/ST/STM32_USB_Device_Library/Class/CDC/Src/usbd_cdc.o
 .debug_ranges  0x0000000000000d60       0xa8 ./Middlewares/ST/STM32_USB_Device_Library/Core/Src/usbd_core.o
 .debug_ranges  0x0000000000000e08       0x80 ./Middlewares/ST/STM32_USB_Device_Library/Core/Src/usbd_ctlreq.o
 .debug_ranges  0x0000000000000e88       0x40 ./Middlewares/ST/STM32_USB_Device_Library/Core/Src/usbd_ioreq.o
 .debug_ranges  0x0000000000000ec8       0x10 ./USB_Device/App/usb_device.o
 .debug_ranges  0x0000000000000ed8       0x38 ./USB_Device/App/usbd_cdc_if.o
 .debug_ranges  0x0000000000000f10       0x50 ./USB_Device/App/usbd_desc.o
 .debug_ranges  0x0000000000000f60      0x110 ./USB_Device/Target/usbd_conf.o

.debug_macro    0x0000000000000000    0x28701
 .debug_macro   0x0000000000000000      0x3dd ./Core/Src/main.o
 .debug_macro   0x00000000000003dd      0xa78 ./Core/Src/main.o
 .debug_macro   0x0000000000000e55      0x161 ./Core/Src/main.o
 .debug_macro   0x0000000000000fb6       0x2e ./Core/Src/main.o
 .debug_macro   0x0000000000000fe4       0x28 ./Core/Src/main.o
 .debug_macro   0x000000000000100c       0x22 ./Core/Src/main.o
 .debug_macro   0x000000000000102e       0x8e ./Core/Src/main.o
 .debug_macro   0x00000000000010bc       0x51 ./Core/Src/main.o
 .debug_macro   0x000000000000110d      0x103 ./Core/Src/main.o
 .debug_macro   0x0000000000001210       0x6a ./Core/Src/main.o
 .debug_macro   0x000000000000127a      0x1df ./Core/Src/main.o
 .debug_macro   0x0000000000001459       0x1c ./Core/Src/main.o
 .debug_macro   0x0000000000001475       0x22 ./Core/Src/main.o
 .debug_macro   0x0000000000001497       0xfb ./Core/Src/main.o
 .debug_macro   0x0000000000001592     0x1011 ./Core/Src/main.o
 .debug_macro   0x00000000000025a3      0x11f ./Core/Src/main.o
 .debug_macro   0x00000000000026c2    0x18b93 ./Core/Src/main.o
 .debug_macro   0x000000000001b255       0x6d ./Core/Src/main.o
 .debug_macro   0x000000000001b2c2     0x3554 ./Core/Src/main.o
 .debug_macro   0x000000000001e816      0x174 ./Core/Src/main.o
 .debug_macro   0x000000000001e98a       0x5c ./Core/Src/main.o
 .debug_macro   0x000000000001e9e6     0x171f ./Core/Src/main.o
 .debug_macro   0x0000000000020105      0x600 ./Core/Src/main.o
 .debug_macro   0x0000000000020705      0x1b6 ./Core/Src/main.o
 .debug_macro   0x00000000000208bb      0x34a ./Core/Src/main.o
 .debug_macro   0x0000000000020c05      0x53c ./Core/Src/main.o
 .debug_macro   0x0000000000021141      0x18b ./Core/Src/main.o
 .debug_macro   0x00000000000212cc       0x43 ./Core/Src/main.o
 .debug_macro   0x000000000002130f      0x23d ./Core/Src/main.o
 .debug_macro   0x000000000002154c      0x211 ./Core/Src/main.o
 .debug_macro   0x000000000002175d      0x6af ./Core/Src/main.o
 .debug_macro   0x0000000000021e0c      0x45c ./Core/Src/main.o
 .debug_macro   0x0000000000022268      0x11c ./Core/Src/main.o
 .debug_macro   0x0000000000022384       0x6c ./Core/Src/main.o
 .debug_macro   0x00000000000223f0      0x234 ./Core/Src/main.o
 .debug_macro   0x0000000000022624      0x122 ./Core/Src/main.o
 .debug_macro   0x0000000000022746      0x3d1 ./Core/Src/main.o
 .debug_macro   0x0000000000022b17      0x67e ./Core/Src/main.o
 .debug_macro   0x0000000000023195       0xa6 ./Core/Src/main.o
 .debug_macro   0x000000000002323b      0x358 ./Core/Src/main.o
 .debug_macro   0x0000000000023593       0x52 ./Core/Src/main.o
 .debug_macro   0x00000000000235e5       0x1e ./Core/Src/main.o
 .debug_macro   0x0000000000023603       0x3c ./Core/Src/main.o
 .debug_macro   0x000000000002363f       0x34 ./Core/Src/main.o
 .debug_macro   0x0000000000023673       0x16 ./Core/Src/main.o
 .debug_macro   0x0000000000023689       0x35 ./Core/Src/main.o
 .debug_macro   0x00000000000236be      0x341 ./Core/Src/main.o
 .debug_macro   0x00000000000239ff       0x10 ./Core/Src/main.o
 .debug_macro   0x0000000000023a0f       0x16 ./Core/Src/main.o
 .debug_macro   0x0000000000023a25       0x43 ./Core/Src/main.o
 .debug_macro   0x0000000000023a68       0x34 ./Core/Src/main.o
 .debug_macro   0x0000000000023a9c       0x10 ./Core/Src/main.o
 .debug_macro   0x0000000000023aac       0x58 ./Core/Src/main.o
 .debug_macro   0x0000000000023b04       0x71 ./Core/Src/main.o
 .debug_macro   0x0000000000023b75       0x1c ./Core/Src/main.o
 .debug_macro   0x0000000000023b91      0x12a ./Core/Src/main.o
 .debug_macro   0x0000000000023cbb       0x10 ./Core/Src/main.o
 .debug_macro   0x0000000000023ccb       0x1c ./Core/Src/main.o
 .debug_macro   0x0000000000023ce7       0x52 ./Core/Src/main.o
 .debug_macro   0x0000000000023d39       0x22 ./Core/Src/main.o
 .debug_macro   0x0000000000023d5b       0x10 ./Core/Src/main.o
 .debug_macro   0x0000000000023d6b       0x52 ./Core/Src/main.o
 .debug_macro   0x0000000000023dbd       0xd5 ./Core/Src/main.o
 .debug_macro   0x0000000000023e92       0x1c ./Core/Src/main.o
 .debug_macro   0x0000000000023eae       0x3d ./Core/Src/main.o
 .debug_macro   0x0000000000023eeb       0x16 ./Core/Src/main.o
 .debug_macro   0x0000000000023f01      0x145 ./Core/Src/main.o
 .debug_macro   0x0000000000024046       0x16 ./Core/Src/main.o
 .debug_macro   0x000000000002405c       0x16 ./Core/Src/main.o
 .debug_macro   0x0000000000024072       0x29 ./Core/Src/main.o
 .debug_macro   0x000000000002409b       0x16 ./Core/Src/main.o
 .debug_macro   0x00000000000240b1       0x20 ./Core/Src/main.o
 .debug_macro   0x00000000000240d1       0x5f ./Core/Src/main.o
 .debug_macro   0x0000000000024130      0x1ef ./Core/Src/main.o
 .debug_macro   0x000000000002431f      0x1f2 ./Core/Src/stm32g4xx_hal_msp.o
 .debug_macro   0x0000000000024511      0x1fc ./Core/Src/stm32g4xx_it.o
 .debug_macro   0x000000000002470d      0x1e8 ./Core/Src/system_stm32g4xx.o
 .debug_macro   0x00000000000248f5      0x236 ./Drivers/STM32G4xx_HAL_Driver/Src/stm32g4xx_hal.o
 .debug_macro   0x0000000000024b2b      0x1e8 ./Drivers/STM32G4xx_HAL_Driver/Src/stm32g4xx_hal_cortex.o
 .debug_macro   0x0000000000024d13      0x2fa ./Drivers/STM32G4xx_HAL_Driver/Src/stm32g4xx_hal_fdcan.o
 .debug_macro   0x000000000002500d      0x1ef ./Drivers/STM32G4xx_HAL_Driver/Src/stm32g4xx_hal_gpio.o
 .debug_macro   0x00000000000251fc      0x1f4 ./Drivers/STM32G4xx_HAL_Driver/Src/stm32g4xx_hal_pcd.o
 .debug_macro   0x00000000000253f0      0x1e8 ./Drivers/STM32G4xx_HAL_Driver/Src/stm32g4xx_hal_pcd_ex.o
 .debug_macro   0x00000000000255d8      0x212 ./Drivers/STM32G4xx_HAL_Driver/Src/stm32g4xx_hal_pwr_ex.o
 .debug_macro   0x00000000000257ea      0x22a ./Drivers/STM32G4xx_HAL_Driver/Src/stm32g4xx_hal_rcc.o
 .debug_macro   0x0000000000025a14      0x212 ./Drivers/STM32G4xx_HAL_Driver/Src/stm32g4xx_hal_rcc_ex.o
 .debug_macro   0x0000000000025c26      0x213 ./Drivers/STM32G4xx_HAL_Driver/Src/stm32g4xx_hal_uart.o
 .debug_macro   0x0000000000025e39      0x1f4 ./Drivers/STM32G4xx_HAL_Driver/Src/stm32g4xx_hal_uart_ex.o
 .debug_macro   0x000000000002602d      0x1e8 ./Drivers/STM32G4xx_HAL_Driver/Src/stm32g4xx_ll_usb.o
 .debug_macro   0x0000000000026215      0x3fe ./Middlewares/ST/STM32_USB_Device_Library/Class/CDC/Src/usbd_cdc.o
 .debug_macro   0x0000000000026613       0x97 ./Middlewares/ST/STM32_USB_Device_Library/Class/CDC/Src/usbd_cdc.o
 .debug_macro   0x00000000000266aa       0xfd ./Middlewares/ST/STM32_USB_Device_Library/Class/CDC/Src/usbd_cdc.o
 .debug_macro   0x00000000000267a7       0x56 ./Middlewares/ST/STM32_USB_Device_Library/Class/CDC/Src/usbd_cdc.o
 .debug_macro   0x00000000000267fd       0x95 ./Middlewares/ST/STM32_USB_Device_Library/Class/CDC/Src/usbd_cdc.o
 .debug_macro   0x0000000000026892      0x3e5 ./Middlewares/ST/STM32_USB_Device_Library/Core/Src/usbd_core.o
 .debug_macro   0x0000000000026c77      0x1f5 ./Middlewares/ST/STM32_USB_Device_Library/Core/Src/usbd_core.o
 .debug_macro   0x0000000000026e6c      0x3ef ./Middlewares/ST/STM32_USB_Device_Library/Core/Src/usbd_ctlreq.o
 .debug_macro   0x000000000002725b      0x3eb ./Middlewares/ST/STM32_USB_Device_Library/Core/Src/usbd_ioreq.o
 .debug_macro   0x0000000000027646      0x424 ./USB_Device/App/usb_device.o
 .debug_macro   0x0000000000027a6a       0x22 ./USB_Device/App/usb_device.o
 .debug_macro   0x0000000000027a8c       0x16 ./USB_Device/App/usb_device.o
 .debug_macro   0x0000000000027aa2      0x409 ./USB_Device/App/usbd_cdc_if.o
 .debug_macro   0x0000000000027eab       0x10 ./USB_Device/App/usbd_cdc_if.o
 .debug_macro   0x0000000000027ebb      0x422 ./USB_Device/App/usbd_desc.o
 .debug_macro   0x00000000000282dd       0x1c ./USB_Device/App/usbd_desc.o
 .debug_macro   0x00000000000282f9      0x408 ./USB_Device/Target/usbd_conf.o

.debug_line     0x0000000000000000    0x165f8
 .debug_line    0x0000000000000000      0xc8a ./Core/Src/main.o
 .debug_line    0x0000000000000c8a      0x93b ./Core/Src/stm32g4xx_hal_msp.o
 .debug_line    0x00000000000015c5      0x7c4 ./Core/Src/stm32g4xx_it.o
 .debug_line    0x0000000000001d89      0x753 ./Core/Src/system_stm32g4xx.o
 .debug_line    0x00000000000024dc       0x89 ./Core/Startup/startup_stm32g474retx.o
 .debug_line    0x0000000000002565      0xaca ./Drivers/STM32G4xx_HAL_Driver/Src/stm32g4xx_hal.o
 .debug_line    0x000000000000302f      0xc7d ./Drivers/STM32G4xx_HAL_Driver/Src/stm32g4xx_hal_cortex.o
 .debug_line    0x0000000000003cac     0x1843 ./Drivers/STM32G4xx_HAL_Driver/Src/stm32g4xx_hal_fdcan.o
 .debug_line    0x00000000000054ef      0xb0d ./Drivers/STM32G4xx_HAL_Driver/Src/stm32g4xx_hal_gpio.o
 .debug_line    0x0000000000005ffc     0x12f2 ./Drivers/STM32G4xx_HAL_Driver/Src/stm32g4xx_hal_pcd.o
 .debug_line    0x00000000000072ee      0x85e ./Drivers/STM32G4xx_HAL_Driver/Src/stm32g4xx_hal_pcd_ex.o
 .debug_line    0x0000000000007b4c      0xc81 ./Drivers/STM32G4xx_HAL_Driver/Src/stm32g4xx_hal_pwr_ex.o
 .debug_line    0x00000000000087cd      0xee0 ./Drivers/STM32G4xx_HAL_Driver/Src/stm32g4xx_hal_rcc.o
 .debug_line    0x00000000000096ad     0x11ed ./Drivers/STM32G4xx_HAL_Driver/Src/stm32g4xx_hal_rcc_ex.o
 .debug_line    0x000000000000a89a     0x3b44 ./Drivers/STM32G4xx_HAL_Driver/Src/stm32g4xx_hal_uart.o
 .debug_line    0x000000000000e3de      0xd75 ./Drivers/STM32G4xx_HAL_Driver/Src/stm32g4xx_hal_uart_ex.o
 .debug_line    0x000000000000f153      0xf39 ./Drivers/STM32G4xx_HAL_Driver/Src/stm32g4xx_ll_usb.o
 .debug_line    0x000000000001008c      0xda3 ./Middlewares/ST/STM32_USB_Device_Library/Class/CDC/Src/usbd_cdc.o
 .debug_line    0x0000000000010e2f      0xe26 ./Middlewares/ST/STM32_USB_Device_Library/Core/Src/usbd_core.o
 .debug_line    0x0000000000011c55     0x10c6 ./Middlewares/ST/STM32_USB_Device_Library/Core/Src/usbd_ctlreq.o
 .debug_line    0x0000000000012d1b      0xa7d ./Middlewares/ST/STM32_USB_Device_Library/Core/Src/usbd_ioreq.o
 .debug_line    0x0000000000013798      0xa39 ./USB_Device/App/usb_device.o
 .debug_line    0x00000000000141d1      0xa9c ./USB_Device/App/usbd_cdc_if.o
 .debug_line    0x0000000000014c6d      0xb02 ./USB_Device/App/usbd_desc.o
 .debug_line    0x000000000001576f      0xe89 ./USB_Device/Target/usbd_conf.o

.debug_str      0x0000000000000000    0xf3733
 .debug_str     0x0000000000000000    0xed793 ./Core/Src/main.o
                                      0xedb27 (size before relaxing)
 .debug_str     0x00000000000ed793      0x2fc ./Core/Src/stm32g4xx_hal_msp.o
                                      0xe92bc (size before relaxing)
 .debug_str     0x00000000000eda8f      0x3c8 ./Core/Src/stm32g4xx_it.o
                                      0xe8a9f (size before relaxing)
 .debug_str     0x00000000000ede57       0xdb ./Core/Src/system_stm32g4xx.o
                                      0xe8826 (size before relaxing)
 .debug_str     0x00000000000edf32       0x36 ./Core/Startup/startup_stm32g474retx.o
                                         0x5c (size before relaxing)
 .debug_str     0x00000000000edf68      0xc03 ./Drivers/STM32G4xx_HAL_Driver/Src/stm32g4xx_hal.o
                                      0xe9511 (size before relaxing)
 .debug_str     0x00000000000eeb6b      0x344 ./Drivers/STM32G4xx_HAL_Driver/Src/stm32g4xx_hal_cortex.o
                                      0xe91bc (size before relaxing)
 .debug_str     0x00000000000eeeaf     0x1322 ./Drivers/STM32G4xx_HAL_Driver/Src/stm32g4xx_hal_fdcan.o
                                      0xe9dbf (size before relaxing)
 .debug_str     0x00000000000f01d1      0x15f ./Drivers/STM32G4xx_HAL_Driver/Src/stm32g4xx_hal_gpio.o
                                      0xe89b1 (size before relaxing)
 .debug_str     0x00000000000f0330      0x527 ./Drivers/STM32G4xx_HAL_Driver/Src/stm32g4xx_hal_pcd.o
                                      0xe8f6e (size before relaxing)
 .debug_str     0x00000000000f0857      0x186 ./Drivers/STM32G4xx_HAL_Driver/Src/stm32g4xx_hal_pcd_ex.o
                                      0xe8bea (size before relaxing)
 .debug_str     0x00000000000f09dd      0x4c6 ./Drivers/STM32G4xx_HAL_Driver/Src/stm32g4xx_hal_pwr_ex.o
                                      0xe8d14 (size before relaxing)
 .debug_str     0x00000000000f0ea3      0x506 ./Drivers/STM32G4xx_HAL_Driver/Src/stm32g4xx_hal_rcc.o
                                      0xe8f45 (size before relaxing)
 .debug_str     0x00000000000f13a9      0x414 ./Drivers/STM32G4xx_HAL_Driver/Src/stm32g4xx_hal_rcc_ex.o
                                      0xe8f6f (size before relaxing)
 .debug_str     0x00000000000f17bd      0xa0d ./Drivers/STM32G4xx_HAL_Driver/Src/stm32g4xx_hal_uart.o
                                      0xe97b9 (size before relaxing)
 .debug_str     0x00000000000f21ca      0x251 ./Drivers/STM32G4xx_HAL_Driver/Src/stm32g4xx_hal_uart_ex.o
                                      0xe8f9d (size before relaxing)
 .debug_str     0x00000000000f241b       0xc7 ./Drivers/STM32G4xx_HAL_Driver/Src/stm32g4xx_ll_usb.o
                                      0xe8abb (size before relaxing)
 .debug_str     0x00000000000f24e2      0x9ac ./Middlewares/ST/STM32_USB_Device_Library/Class/CDC/Src/usbd_cdc.o
                                      0xedcc4 (size before relaxing)
 .debug_str     0x00000000000f2e8e      0x288 ./Middlewares/ST/STM32_USB_Device_Library/Core/Src/usbd_core.o
                                      0xed594 (size before relaxing)
 .debug_str     0x00000000000f3116      0x147 ./Middlewares/ST/STM32_USB_Device_Library/Core/Src/usbd_ctlreq.o
                                      0xed4e6 (size before relaxing)
 .debug_str     0x00000000000f325d       0x51 ./Middlewares/ST/STM32_USB_Device_Library/Core/Src/usbd_ioreq.o
                                      0xed3db (size before relaxing)
 .debug_str     0x00000000000f32ae      0x106 ./USB_Device/App/usb_device.o
                                      0xed78f (size before relaxing)
 .debug_str     0x00000000000f33b4       0x9a ./USB_Device/App/usbd_cdc_if.o
                                      0xed7ce (size before relaxing)
 .debug_str     0x00000000000f344e      0x254 ./USB_Device/App/usbd_desc.o
                                      0xed2e5 (size before relaxing)
 .debug_str     0x00000000000f36a2       0x91 ./USB_Device/Target/usbd_conf.o
                                      0xee87c (size before relaxing)

.comment        0x0000000000000000       0x50
 .comment       0x0000000000000000       0x50 ./Core/Src/main.o
                                         0x51 (size before relaxing)
 .comment       0x0000000000000050       0x51 ./Core/Src/stm32g4xx_hal_msp.o
 .comment       0x0000000000000050       0x51 ./Core/Src/stm32g4xx_it.o
 .comment       0x0000000000000050       0x51 ./Core/Src/system_stm32g4xx.o
 .comment       0x0000000000000050       0x51 ./Drivers/STM32G4xx_HAL_Driver/Src/stm32g4xx_hal.o
 .comment       0x0000000000000050       0x51 ./Drivers/STM32G4xx_HAL_Driver/Src/stm32g4xx_hal_cortex.o
 .comment       0x0000000000000050       0x51 ./Drivers/STM32G4xx_HAL_Driver/Src/stm32g4xx_hal_fdcan.o
 .comment       0x0000000000000050       0x51 ./Drivers/STM32G4xx_HAL_Driver/Src/stm32g4xx_hal_gpio.o
 .comment       0x0000000000000050       0x51 ./Drivers/STM32G4xx_HAL_Driver/Src/stm32g4xx_hal_pcd.o
 .comment       0x0000000000000050       0x51 ./Drivers/STM32G4xx_HAL_Driver/Src/stm32g4xx_hal_pcd_ex.o
 .comment       0x0000000000000050       0x51 ./Drivers/STM32G4xx_HAL_Driver/Src/stm32g4xx_hal_pwr_ex.o
 .comment       0x0000000000000050       0x51 ./Drivers/STM32G4xx_HAL_Driver/Src/stm32g4xx_hal_rcc.o
 .comment       0x0000000000000050       0x51 ./Drivers/STM32G4xx_HAL_Driver/Src/stm32g4xx_hal_rcc_ex.o
 .comment       0x0000000000000050       0x51 ./Drivers/STM32G4xx_HAL_Driver/Src/stm32g4xx_hal_uart.o
 .comment       0x0000000000000050       0x51 ./Drivers/STM32G4xx_HAL_Driver/Src/stm32g4xx_hal_uart_ex.o
 .comment       0x0000000000000050       0x51 ./Drivers/STM32G4xx_HAL_Driver/Src/stm32g4xx_ll_usb.o
 .comment       0x0000000000000050       0x51 ./Middlewares/ST/STM32_USB_Device_Library/Class/CDC/Src/usbd_cdc.o
 .comment       0x0000000000000050       0x51 ./Middlewares/ST/STM32_USB_Device_Library/Core/Src/usbd_core.o
 .comment       0x0000000000000050       0x51 ./Middlewares/ST/STM32_USB_Device_Library/Core/Src/usbd_ctlreq.o
 .comment       0x0000000000000050       0x51 ./Middlewares/ST/STM32_USB_Device_Library/Core/Src/usbd_ioreq.o
 .comment       0x0000000000000050       0x51 ./USB_Device/App/usb_device.o
 .comment       0x0000000000000050       0x51 ./USB_Device/App/usbd_cdc_if.o
 .comment       0x0000000000000050       0x51 ./USB_Device/App/usbd_desc.o
 .comment       0x0000000000000050       0x51 ./USB_Device/Target/usbd_conf.o

.debug_frame    0x0000000000000000     0x48f0
 .debug_frame   0x0000000000000000      0x154 ./Core/Src/main.o
 .debug_frame   0x0000000000000154       0xd0 ./Core/Src/stm32g4xx_hal_msp.o
 .debug_frame   0x0000000000000224      0x120 ./Core/Src/stm32g4xx_it.o
 .debug_frame   0x0000000000000344       0x58 ./Core/Src/system_stm32g4xx.o
 .debug_frame   0x000000000000039c      0x4a0 ./Drivers/STM32G4xx_HAL_Driver/Src/stm32g4xx_hal.o
 .debug_frame   0x000000000000083c      0x498 ./Drivers/STM32G4xx_HAL_Driver/Src/stm32g4xx_hal_cortex.o
 .debug_frame   0x0000000000000cd4      0x9b0 ./Drivers/STM32G4xx_HAL_Driver/Src/stm32g4xx_hal_fdcan.o
 .debug_frame   0x0000000000001684      0x14c ./Drivers/STM32G4xx_HAL_Driver/Src/stm32g4xx_hal_gpio.o
 .debug_frame   0x00000000000017d0      0x554 ./Drivers/STM32G4xx_HAL_Driver/Src/stm32g4xx_hal_pcd.o
 .debug_frame   0x0000000000001d24      0x14c ./Drivers/STM32G4xx_HAL_Driver/Src/stm32g4xx_hal_pcd_ex.o
 .debug_frame   0x0000000000001e70      0x4fc ./Drivers/STM32G4xx_HAL_Driver/Src/stm32g4xx_hal_pwr_ex.o
 .debug_frame   0x000000000000236c      0x23c ./Drivers/STM32G4xx_HAL_Driver/Src/stm32g4xx_hal_rcc.o
 .debug_frame   0x00000000000025a8      0x2ac ./Drivers/STM32G4xx_HAL_Driver/Src/stm32g4xx_hal_rcc_ex.o
 .debug_frame   0x0000000000002854      0xa94 ./Drivers/STM32G4xx_HAL_Driver/Src/stm32g4xx_hal_uart.o
 .debug_frame   0x00000000000032e8      0x29c ./Drivers/STM32G4xx_HAL_Driver/Src/stm32g4xx_hal_uart_ex.o
 .debug_frame   0x0000000000003584      0x310 ./Drivers/STM32G4xx_HAL_Driver/Src/stm32g4xx_ll_usb.o
 .debug_frame   0x0000000000003894      0x248 ./Middlewares/ST/STM32_USB_Device_Library/Class/CDC/Src/usbd_cdc.o
 .debug_frame   0x0000000000003adc      0x2f4 ./Middlewares/ST/STM32_USB_Device_Library/Core/Src/usbd_core.o
 .debug_frame   0x0000000000003dd0      0x23c ./Middlewares/ST/STM32_USB_Device_Library/Core/Src/usbd_ctlreq.o