../Core/Src/main.c:79:5:main	8	static
../Core/Src/main.c:130:6:SystemClock_Config	88	static
../Core/Src/main.c:176:13:MX_FDCAN1_Init	8	static
../Core/Src/main.c:219:13:MX_FDCAN2_Init	8	static
../Core/Src/main.c:262:13:MX_FDCAN3_Init	8	static
../Core/Src/main.c:305:13:MX_UART4_Init	8	static
../Core/Src/main.c:353:13:MX_UART5_Init	8	static
../Core/Src/main.c:401:13:MX_USART2_UART_Init	8	static
../Core/Src/main.c:449:13:MX_USART3_UART_Init	8	static
../Core/Src/main.c:497:13:MX_GPIO_Init	32	static
../Core/Src/main.c:517:6:Error_Handler	4	static,ignoring_inline_asm
